Component: ARM Compiler 5.06 update 7 (build 960) Tool: armlink [4d3601]

==============================================================================

Section Cross References

    gd32f10x_it.o(i.SysTick_Handler) refers to systick.o(i.delay_decrement) for delay_decrement
    main.o(i.fputc) refers to gd32f10x_usart.o(i.usart_data_transmit) for usart_data_transmit
    main.o(i.fputc) refers to gd32f10x_usart.o(i.usart_flag_get) for usart_flag_get
    main.o(i.main) refers to systick.o(i.systick_config) for systick_config
    main.o(i.main) refers to common.o(i.sensor_periph_clk_enable) for sensor_periph_clk_enable
    main.o(i.main) refers to common.o(i.sensor_power_enable) for sensor_power_enable
    main.o(i.main) refers to main.o(i.uart_config) for uart_config
    main.o(i.main) refers to common.o(i.sensor_init) for sensor_init
    main.o(i.main) refers to memseta.o(.text) for __aeabi_memclr4
    main.o(i.main) refers to lxdgb5a1dphy.o(i.lxdgb5a1dphy_run_once) for lxdgb5a1dphy_run_once
    main.o(i.main) refers to systick.o(i.delay_1ms) for delay_1ms
    main.o(i.main) refers to main.o(.bss) for sensor_data
    main.o(i.sensor_data_pack) refers to memseta.o(.text) for __aeabi_memclr4
    main.o(i.sensor_data_pack) refers to memcpya.o(.text) for __aeabi_memcpy4
    main.o(i.sensor_data_pack) refers to main.o(i.crc16_modbus) for crc16_modbus
    main.o(i.uart_config) refers to gd32f10x_gpio.o(i.gpio_init) for gpio_init
    main.o(i.uart_config) refers to gd32f10x_usart.o(i.usart_deinit) for usart_deinit
    main.o(i.uart_config) refers to gd32f10x_usart.o(i.usart_baudrate_set) for usart_baudrate_set
    main.o(i.uart_config) refers to gd32f10x_usart.o(i.usart_word_length_set) for usart_word_length_set
    main.o(i.uart_config) refers to gd32f10x_usart.o(i.usart_stop_bit_set) for usart_stop_bit_set
    main.o(i.uart_config) refers to gd32f10x_usart.o(i.usart_parity_config) for usart_parity_config
    main.o(i.uart_config) refers to gd32f10x_usart.o(i.usart_receive_config) for usart_receive_config
    main.o(i.uart_config) refers to gd32f10x_usart.o(i.usart_transmit_config) for usart_transmit_config
    main.o(i.uart_config) refers to gd32f10x_usart.o(i.usart_enable) for usart_enable
    systick.o(i.delay_1ms) refers to systick.o(.data) for delay
    systick.o(i.delay_decrement) refers to systick.o(.data) for delay
    systick.o(i.systick_config) refers to systick.o(i.NVIC_SetPriority) for NVIC_SetPriority
    systick.o(i.systick_config) refers to system_gd32f10x.o(.data) for SystemCoreClock
    gd32f10x_adc.o(i.adc_deinit) refers to gd32f10x_rcu.o(i.rcu_periph_reset_enable) for rcu_periph_reset_enable
    gd32f10x_adc.o(i.adc_deinit) refers to gd32f10x_rcu.o(i.rcu_periph_reset_disable) for rcu_periph_reset_disable
    gd32f10x_bkp.o(i.bkp_deinit) refers to gd32f10x_rcu.o(i.rcu_bkp_reset_enable) for rcu_bkp_reset_enable
    gd32f10x_bkp.o(i.bkp_deinit) refers to gd32f10x_rcu.o(i.rcu_bkp_reset_disable) for rcu_bkp_reset_disable
    gd32f10x_can.o(i.can_debug_freeze_disable) refers to gd32f10x_dbg.o(i.dbg_periph_enable) for dbg_periph_enable
    gd32f10x_can.o(i.can_debug_freeze_enable) refers to gd32f10x_dbg.o(i.dbg_periph_enable) for dbg_periph_enable
    gd32f10x_can.o(i.can_deinit) refers to gd32f10x_rcu.o(i.rcu_periph_reset_enable) for rcu_periph_reset_enable
    gd32f10x_can.o(i.can_deinit) refers to gd32f10x_rcu.o(i.rcu_periph_reset_disable) for rcu_periph_reset_disable
    gd32f10x_can.o(i.can_interrupt_flag_get) refers to gd32f10x_can.o(i.can_receive_message_length_get) for can_receive_message_length_get
    gd32f10x_can.o(i.can_interrupt_flag_get) refers to gd32f10x_can.o(i.can_error_get) for can_error_get
    gd32f10x_dac.o(i.dac_deinit) refers to gd32f10x_rcu.o(i.rcu_periph_reset_enable) for rcu_periph_reset_enable
    gd32f10x_dac.o(i.dac_deinit) refers to gd32f10x_rcu.o(i.rcu_periph_reset_disable) for rcu_periph_reset_disable
    gd32f10x_dma.o(i.dma_channel_disable) refers to gd32f10x_dma.o(i.dma_periph_and_channel_check) for dma_periph_and_channel_check
    gd32f10x_dma.o(i.dma_channel_enable) refers to gd32f10x_dma.o(i.dma_periph_and_channel_check) for dma_periph_and_channel_check
    gd32f10x_dma.o(i.dma_circulation_disable) refers to gd32f10x_dma.o(i.dma_periph_and_channel_check) for dma_periph_and_channel_check
    gd32f10x_dma.o(i.dma_circulation_enable) refers to gd32f10x_dma.o(i.dma_periph_and_channel_check) for dma_periph_and_channel_check
    gd32f10x_dma.o(i.dma_deinit) refers to gd32f10x_dma.o(i.dma_periph_and_channel_check) for dma_periph_and_channel_check
    gd32f10x_dma.o(i.dma_init) refers to gd32f10x_dma.o(i.dma_periph_and_channel_check) for dma_periph_and_channel_check
    gd32f10x_dma.o(i.dma_interrupt_disable) refers to gd32f10x_dma.o(i.dma_periph_and_channel_check) for dma_periph_and_channel_check
    gd32f10x_dma.o(i.dma_interrupt_enable) refers to gd32f10x_dma.o(i.dma_periph_and_channel_check) for dma_periph_and_channel_check
[...]
    Removing gd32f10x_i2c.o(i.i2c_pec_value_get), (10 bytes).
    Removing gd32f10x_i2c.o(i.i2c_slave_response_to_gcall_config), (16 bytes).
    Removing gd32f10x_i2c.o(i.i2c_smbus_alert_config), (16 bytes).
    Removing gd32f10x_i2c.o(i.i2c_smbus_arp_config), (16 bytes).
    Removing gd32f10x_i2c.o(i.i2c_smbus_type_config), (24 bytes).
    Removing gd32f10x_i2c.o(i.i2c_software_reset_config), (16 bytes).
    Removing gd32f10x_i2c.o(i.i2c_start_on_bus), (10 bytes).
    Removing gd32f10x_i2c.o(i.i2c_stop_on_bus), (10 bytes).
    Removing gd32f10x_i2c.o(i.i2c_stretch_scl_low_config), (16 bytes).
    Removing gd32f10x_misc.o(.rev16_text), (4 bytes).
    Removing gd32f10x_misc.o(.revsh_text), (4 bytes).
    Removing gd32f10x_misc.o(i.nvic_irq_disable), (24 bytes).
    Removing gd32f10x_misc.o(i.nvic_irq_enable), (172 bytes).
    Removing gd32f10x_misc.o(i.nvic_priority_group_set), (20 bytes).
    Removing gd32f10x_misc.o(i.system_lowpower_reset), (16 bytes).
    Removing gd32f10x_misc.o(i.system_lowpower_set), (16 bytes).
    Removing gd32f10x_misc.o(i.systick_clksource_set), (40 bytes).
    Removing gd32f10x_pmu.o(.rev16_text), (4 bytes).
    Removing gd32f10x_pmu.o(.revsh_text), (4 bytes).
    Removing gd32f10x_pmu.o(i.pmu_backup_write_disable), (20 bytes).
    Removing gd32f10x_pmu.o(i.pmu_backup_write_enable), (20 bytes).
    Removing gd32f10x_pmu.o(i.pmu_deinit), (20 bytes).
    Removing gd32f10x_pmu.o(i.pmu_flag_clear), (48 bytes).
    Removing gd32f10x_pmu.o(i.pmu_flag_get), (24 bytes).
    Removing gd32f10x_pmu.o(i.pmu_lvd_disable), (20 bytes).
    Removing gd32f10x_pmu.o(i.pmu_lvd_select), (48 bytes).
    Removing gd32f10x_pmu.o(i.pmu_to_deepsleepmode), (196 bytes).
    Removing gd32f10x_pmu.o(i.pmu_to_sleepmode), (28 bytes).
    Removing gd32f10x_pmu.o(i.pmu_to_standbymode), (100 bytes).
    Removing gd32f10x_pmu.o(i.pmu_wakeup_pin_disable), (20 bytes).
    Removing gd32f10x_pmu.o(i.pmu_wakeup_pin_enable), (20 bytes).
    Removing gd32f10x_pmu.o(.bss), (16 bytes).
    Removing gd32f10x_rcu.o(.rev16_text), (4 bytes).
    Removing gd32f10x_rcu.o(.revsh_text), (4 bytes).
    Removing gd32f10x_rcu.o(i.rcu_adc_clock_config), (72 bytes).
    Removing gd32f10x_rcu.o(i.rcu_ahb_clock_config), (24 bytes).
    Removing gd32f10x_rcu.o(i.rcu_all_reset_flag_clear), (20 bytes).
    Removing gd32f10x_rcu.o(i.rcu_apb1_clock_config), (24 bytes).
    Removing gd32f10x_rcu.o(i.rcu_apb2_clock_config), (24 bytes).
    Removing gd32f10x_rcu.o(i.rcu_bkp_reset_disable), (20 bytes).
    Removing gd32f10x_rcu.o(i.rcu_bkp_reset_enable), (20 bytes).
    Removing gd32f10x_rcu.o(i.rcu_ckout0_config), (24 bytes).
    Removing gd32f10x_rcu.o(i.rcu_deepsleep_voltage_set), (16 bytes).
    Removing gd32f10x_rcu.o(i.rcu_deinit), (88 bytes).
    Removing gd32f10x_rcu.o(i.rcu_flag_get), (36 bytes).
    Removing gd32f10x_rcu.o(i.rcu_hxtal_clock_monitor_disable), (20 bytes).
    Removing gd32f10x_rcu.o(i.rcu_hxtal_clock_monitor_enable), (20 bytes).
    Removing gd32f10x_rcu.o(i.rcu_interrupt_disable), (32 bytes).
    Removing gd32f10x_rcu.o(i.rcu_interrupt_enable), (32 bytes).
    Removing gd32f10x_rcu.o(i.rcu_interrupt_flag_clear), (32 bytes).
    Removing gd32f10x_rcu.o(i.rcu_interrupt_flag_get), (36 bytes).
    Removing gd32f10x_rcu.o(i.rcu_irc8m_adjust_value_set), (28 bytes).
    Removing gd32f10x_rcu.o(i.rcu_osci_bypass_mode_disable), (92 bytes).
    Removing gd32f10x_rcu.o(i.rcu_osci_bypass_mode_enable), (92 bytes).
    Removing gd32f10x_rcu.o(i.rcu_osci_off), (32 bytes).
    Removing gd32f10x_rcu.o(i.rcu_osci_on), (32 bytes).
    Removing gd32f10x_rcu.o(i.rcu_osci_stab_wait), (224 bytes).
    Removing gd32f10x_rcu.o(i.rcu_periph_clock_disable), (32 bytes).
    Removing gd32f10x_rcu.o(i.rcu_periph_clock_sleep_disable), (32 bytes).
    Removing gd32f10x_rcu.o(i.rcu_periph_clock_sleep_enable), (32 bytes).
    Removing gd32f10x_rcu.o(i.rcu_pll_config), (32 bytes).
    Removing gd32f10x_rcu.o(i.rcu_predv0_config), (32 bytes).
    Removing gd32f10x_rcu.o(i.rcu_rtc_clock_config), (24 bytes).
    Removing gd32f10x_rcu.o(i.rcu_system_clock_source_config), (24 bytes).
    Removing gd32f10x_rcu.o(i.rcu_system_clock_source_get), (16 bytes).
    Removing gd32f10x_rcu.o(i.rcu_usb_clock_config), (24 bytes).
    Removing gd32f10x_rtc.o(.rev16_text), (4 bytes).
    Removing gd32f10x_rtc.o(.revsh_text), (4 bytes).
    Removing gd32f10x_rtc.o(i.rtc_alarm_config), (32 bytes).
    Removing gd32f10x_rtc.o(i.rtc_configuration_mode_enter), (20 bytes).
    Removing gd32f10x_rtc.o(i.rtc_configuration_mode_exit), (20 bytes).
    Removing gd32f10x_rtc.o(i.rtc_counter_get), (20 bytes).
    Removing gd32f10x_rtc.o(i.rtc_counter_set), (32 bytes).
    Removing gd32f10x_rtc.o(i.rtc_divider_get), (24 bytes).
    Removing gd32f10x_rtc.o(i.rtc_flag_clear), (16 bytes).
    Removing gd32f10x_rtc.o(i.rtc_flag_get), (24 bytes).
    Removing gd32f10x_rtc.o(i.rtc_interrupt_disable), (16 bytes).
    Removing gd32f10x_rtc.o(i.rtc_interrupt_enable), (16 bytes).
    Removing gd32f10x_rtc.o(i.rtc_interrupt_flag_clear), (16 bytes).
    Removing gd32f10x_rtc.o(i.rtc_interrupt_flag_get), (24 bytes).
    Removing gd32f10x_rtc.o(i.rtc_lwoff_wait), (20 bytes).
    Removing gd32f10x_rtc.o(i.rtc_prescaler_set), (32 bytes).
    Removing gd32f10x_rtc.o(i.rtc_register_sync_wait), (32 bytes).
    Removing gd32f10x_sdio.o(.rev16_text), (4 bytes).
    Removing gd32f10x_sdio.o(.revsh_text), (4 bytes).
    Removing gd32f10x_sdio.o(i.sdio_bus_mode_set), (28 bytes).
    Removing gd32f10x_sdio.o(i.sdio_ceata_command_completion_disable), (20 bytes).
    Removing gd32f10x_sdio.o(i.sdio_ceata_command_completion_enable), (20 bytes).
    Removing gd32f10x_sdio.o(i.sdio_ceata_command_disable), (20 bytes).
    Removing gd32f10x_sdio.o(i.sdio_ceata_command_enable), (20 bytes).
    Removing gd32f10x_sdio.o(i.sdio_ceata_interrupt_disable), (20 bytes).
    Removing gd32f10x_sdio.o(i.sdio_ceata_interrupt_enable), (20 bytes).
    Removing gd32f10x_sdio.o(i.sdio_clock_config), (36 bytes).
    Removing gd32f10x_sdio.o(i.sdio_clock_disable), (20 bytes).
    Removing gd32f10x_sdio.o(i.sdio_clock_enable), (20 bytes).
    Removing gd32f10x_sdio.o(i.sdio_command_index_get), (12 bytes).
    Removing gd32f10x_sdio.o(i.sdio_command_response_config), (44 bytes).
    Removing gd32f10x_sdio.o(i.sdio_csm_disable), (20 bytes).
    Removing gd32f10x_sdio.o(i.sdio_csm_enable), (20 bytes).
    Removing gd32f10x_sdio.o(i.sdio_data_config), (52 bytes).
    Removing gd32f10x_sdio.o(i.sdio_data_counter_get), (12 bytes).
    Removing gd32f10x_sdio.o(i.sdio_data_read), (12 bytes).
    Removing gd32f10x_sdio.o(i.sdio_data_transfer_config), (28 bytes).
    Removing gd32f10x_sdio.o(i.sdio_data_write), (12 bytes).
    Removing gd32f10x_sdio.o(i.sdio_deinit), (28 bytes).
    Removing gd32f10x_sdio.o(i.sdio_dma_disable), (20 bytes).
    Removing gd32f10x_sdio.o(i.sdio_dma_enable), (20 bytes).
    Removing gd32f10x_sdio.o(i.sdio_dsm_disable), (20 bytes).
    Removing gd32f10x_sdio.o(i.sdio_dsm_enable), (20 bytes).
    Removing gd32f10x_sdio.o(i.sdio_fifo_counter_get), (12 bytes).
    Removing gd32f10x_sdio.o(i.sdio_flag_clear), (12 bytes).
    Removing gd32f10x_sdio.o(i.sdio_flag_get), (20 bytes).
    Removing gd32f10x_sdio.o(i.sdio_hardware_clock_disable), (20 bytes).
    Removing gd32f10x_sdio.o(i.sdio_hardware_clock_enable), (20 bytes).
    Removing gd32f10x_sdio.o(i.sdio_interrupt_disable), (16 bytes).
    Removing gd32f10x_sdio.o(i.sdio_interrupt_enable), (16 bytes).
    Removing gd32f10x_sdio.o(i.sdio_interrupt_flag_clear), (12 bytes).
    Removing gd32f10x_sdio.o(i.sdio_interrupt_flag_get), (24 bytes).
    Removing gd32f10x_sdio.o(i.sdio_operation_disable), (20 bytes).
    Removing gd32f10x_sdio.o(i.sdio_operation_enable), (20 bytes).
    Removing gd32f10x_sdio.o(i.sdio_power_state_get), (12 bytes).
    Removing gd32f10x_sdio.o(i.sdio_power_state_set), (12 bytes).
    Removing gd32f10x_sdio.o(i.sdio_readwait_disable), (20 bytes).
    Removing gd32f10x_sdio.o(i.sdio_readwait_enable), (20 bytes).
    Removing gd32f10x_sdio.o(i.sdio_readwait_type_set), (40 bytes).
    Removing gd32f10x_sdio.o(i.sdio_response_get), (56 bytes).
    Removing gd32f10x_sdio.o(i.sdio_stop_readwait_disable), (20 bytes).
    Removing gd32f10x_sdio.o(i.sdio_stop_readwait_enable), (20 bytes).
    Removing gd32f10x_sdio.o(i.sdio_suspend_disable), (20 bytes).
    Removing gd32f10x_sdio.o(i.sdio_suspend_enable), (20 bytes).
    Removing gd32f10x_sdio.o(i.sdio_wait_type_set), (28 bytes).
    Removing gd32f10x_spi.o(.rev16_text), (4 bytes).
    Removing gd32f10x_spi.o(.revsh_text), (4 bytes).
    Removing gd32f10x_spi.o(i.i2s_disable), (10 bytes).
    Removing gd32f10x_spi.o(i.i2s_enable), (10 bytes).
    Removing gd32f10x_spi.o(i.i2s_init), (28 bytes).
    Removing gd32f10x_spi.o(i.i2s_psc_config), (164 bytes).
    Removing gd32f10x_spi.o(i.spi_bidirectional_transfer_config), (26 bytes).
    Removing gd32f10x_spi.o(i.spi_crc_error_clear), (8 bytes).
    Removing gd32f10x_spi.o(i.spi_crc_get), (16 bytes).
    Removing gd32f10x_spi.o(i.spi_crc_next), (10 bytes).
    Removing gd32f10x_spi.o(i.spi_crc_off), (10 bytes).
    Removing gd32f10x_spi.o(i.spi_crc_on), (10 bytes).
    Removing gd32f10x_spi.o(i.spi_crc_polynomial_get), (8 bytes).
    Removing gd32f10x_spi.o(i.spi_crc_polynomial_set), (12 bytes).
    Removing gd32f10x_spi.o(i.spi_disable), (10 bytes).
    Removing gd32f10x_spi.o(i.spi_dma_disable), (22 bytes).
    Removing gd32f10x_spi.o(i.spi_dma_enable), (22 bytes).
    Removing gd32f10x_spi.o(i.spi_enable), (10 bytes).
    Removing gd32f10x_spi.o(i.spi_i2s_data_frame_format_config), (16 bytes).
    Removing gd32f10x_spi.o(i.spi_i2s_data_receive), (8 bytes).
    Removing gd32f10x_spi.o(i.spi_i2s_data_transmit), (4 bytes).
    Removing gd32f10x_spi.o(i.spi_i2s_deinit), (88 bytes).
    Removing gd32f10x_spi.o(i.spi_i2s_flag_get), (16 bytes).
    Removing gd32f10x_spi.o(i.spi_i2s_interrupt_disable), (8 bytes).
    Removing gd32f10x_spi.o(i.spi_i2s_interrupt_enable), (8 bytes).
    Removing gd32f10x_spi.o(i.spi_i2s_interrupt_flag_get), (100 bytes).
    Removing gd32f10x_spi.o(i.spi_init), (50 bytes).
    Removing gd32f10x_spi.o(i.spi_nss_internal_high), (10 bytes).
    Removing gd32f10x_spi.o(i.spi_nss_internal_low), (10 bytes).
    Removing gd32f10x_spi.o(i.spi_nss_output_disable), (10 bytes).
    Removing gd32f10x_spi.o(i.spi_nss_output_enable), (10 bytes).
    Removing gd32f10x_spi.o(i.spi_struct_para_init), (18 bytes).
    Removing gd32f10x_timer.o(.rev16_text), (4 bytes).
    Removing gd32f10x_timer.o(.revsh_text), (4 bytes).
    Removing gd32f10x_timer.o(i.timer_auto_reload_shadow_disable), (10 bytes).
    Removing gd32f10x_timer.o(i.timer_auto_reload_shadow_enable), (10 bytes).
    Removing gd32f10x_timer.o(i.timer_automatic_output_disable), (10 bytes).
    Removing gd32f10x_timer.o(i.timer_automatic_output_enable), (10 bytes).
    Removing gd32f10x_timer.o(i.timer_autoreload_value_config), (4 bytes).
    Removing gd32f10x_timer.o(i.timer_break_config), (30 bytes).
    Removing gd32f10x_timer.o(i.timer_break_disable), (10 bytes).
    Removing gd32f10x_timer.o(i.timer_break_enable), (10 bytes).
    Removing gd32f10x_timer.o(i.timer_break_struct_para_init), (18 bytes).
    Removing gd32f10x_timer.o(i.timer_channel_capture_value_register_read), (42 bytes).
    Removing gd32f10x_timer.o(i.timer_channel_complementary_output_polarity_config), (70 bytes).
    Removing gd32f10x_timer.o(i.timer_channel_complementary_output_state_config), (70 bytes).
    Removing gd32f10x_timer.o(i.timer_channel_control_shadow_config), (24 bytes).
    Removing gd32f10x_timer.o(i.timer_channel_control_shadow_update_config), (26 bytes).
    Removing gd32f10x_timer.o(i.timer_channel_dma_request_source_select), (26 bytes).
    Removing gd32f10x_timer.o(i.timer_channel_input_capture_prescaler_config), (90 bytes).
    Removing gd32f10x_timer.o(i.timer_channel_input_struct_para_init), (16 bytes).
    Removing gd32f10x_timer.o(i.timer_channel_output_clear_config), (90 bytes).
    Removing gd32f10x_timer.o(i.timer_channel_output_config), (492 bytes).
    Removing gd32f10x_timer.o(i.timer_channel_output_fast_config), (90 bytes).
    Removing gd32f10x_timer.o(i.timer_channel_output_mode_config), (90 bytes).
    Removing gd32f10x_timer.o(i.timer_channel_output_polarity_config), (92 bytes).
    Removing gd32f10x_timer.o(i.timer_channel_output_pulse_value_config), (38 bytes).
    Removing gd32f10x_timer.o(i.timer_channel_output_shadow_config), (90 bytes).
    Removing gd32f10x_timer.o(i.timer_channel_output_state_config), (92 bytes).
    Removing gd32f10x_timer.o(i.timer_channel_output_struct_para_init), (16 bytes).
    Removing gd32f10x_timer.o(i.timer_counter_alignment), (16 bytes).
    Removing gd32f10x_timer.o(i.timer_counter_down_direction), (10 bytes).
    Removing gd32f10x_timer.o(i.timer_counter_read), (8 bytes).
    Removing gd32f10x_timer.o(i.timer_counter_up_direction), (10 bytes).
    Removing gd32f10x_timer.o(i.timer_counter_value_config), (4 bytes).
    Removing gd32f10x_timer.o(i.timer_deinit), (388 bytes).
    Removing gd32f10x_timer.o(i.timer_disable), (10 bytes).
    Removing gd32f10x_timer.o(i.timer_dma_disable), (8 bytes).
    Removing gd32f10x_timer.o(i.timer_dma_enable), (8 bytes).
    Removing gd32f10x_timer.o(i.timer_dma_transfer_config), (24 bytes).
    Removing gd32f10x_timer.o(i.timer_enable), (10 bytes).
    Removing gd32f10x_timer.o(i.timer_event_software_generate), (8 bytes).
    Removing gd32f10x_timer.o(i.timer_external_clock_mode0_config), (40 bytes).
    Removing gd32f10x_timer.o(i.timer_external_clock_mode1_config), (32 bytes).
    Removing gd32f10x_timer.o(i.timer_external_clock_mode1_disable), (10 bytes).
    Removing gd32f10x_timer.o(i.timer_external_trigger_as_external_clock_config), (166 bytes).
    Removing gd32f10x_timer.o(i.timer_external_trigger_config), (30 bytes).
    Removing gd32f10x_timer.o(i.timer_flag_clear), (6 bytes).
    Removing gd32f10x_timer.o(i.timer_flag_get), (16 bytes).
    Removing gd32f10x_timer.o(i.timer_hall_mode_config), (26 bytes).
    Removing gd32f10x_timer.o(i.timer_init), (224 bytes).
    Removing gd32f10x_timer.o(i.timer_input_capture_config), (326 bytes).
    Removing gd32f10x_timer.o(i.timer_input_pwm_capture_config), (356 bytes).
    Removing gd32f10x_timer.o(i.timer_input_trigger_source_select), (16 bytes).
    Removing gd32f10x_timer.o(i.timer_internal_clock_config), (10 bytes).
    Removing gd32f10x_timer.o(i.timer_internal_trigger_as_external_clock_config), (32 bytes).
    Removing gd32f10x_timer.o(i.timer_interrupt_disable), (8 bytes).
    Removing gd32f10x_timer.o(i.timer_interrupt_enable), (8 bytes).
    Removing gd32f10x_timer.o(i.timer_master_output_trigger_source_select), (16 bytes).
    Removing gd32f10x_timer.o(i.timer_master_slave_mode_config), (26 bytes).
    Removing gd32f10x_timer.o(i.timer_prescaler_config), (16 bytes).
    Removing gd32f10x_timer.o(i.timer_prescaler_read), (10 bytes).
    Removing gd32f10x_timer.o(i.timer_primary_output_config), (24 bytes).
    Removing gd32f10x_timer.o(i.timer_quadrature_decoder_mode_config), (64 bytes).
    Removing gd32f10x_timer.o(i.timer_repetition_value_config), (4 bytes).
    Removing gd32f10x_timer.o(i.timer_single_pulse_mode_config), (26 bytes).
    Removing gd32f10x_timer.o(i.timer_slave_mode_select), (16 bytes).
    Removing gd32f10x_timer.o(i.timer_struct_para_init), (22 bytes).
    Removing gd32f10x_timer.o(i.timer_update_event_disable), (10 bytes).
    Removing gd32f10x_timer.o(i.timer_update_event_enable), (10 bytes).
    Removing gd32f10x_timer.o(i.timer_update_source_config), (26 bytes).
    Removing gd32f10x_usart.o(.rev16_text), (4 bytes).
    Removing gd32f10x_usart.o(.revsh_text), (4 bytes).
    Removing gd32f10x_usart.o(i.usart_address_config), (20 bytes).
    Removing gd32f10x_usart.o(i.usart_data_receive), (10 bytes).
    Removing gd32f10x_usart.o(i.usart_disable), (10 bytes).
    Removing gd32f10x_usart.o(i.usart_dma_receive_config), (20 bytes).
    Removing gd32f10x_usart.o(i.usart_dma_transmit_config), (20 bytes).
    Removing gd32f10x_usart.o(i.usart_flag_clear), (18 bytes).
    Removing gd32f10x_usart.o(i.usart_guard_time_config), (24 bytes).
    Removing gd32f10x_usart.o(i.usart_halfduplex_disable), (10 bytes).
    Removing gd32f10x_usart.o(i.usart_halfduplex_enable), (10 bytes).
    Removing gd32f10x_usart.o(i.usart_hardware_flow_cts_config), (20 bytes).
    Removing gd32f10x_usart.o(i.usart_hardware_flow_rts_config), (20 bytes).
    Removing gd32f10x_usart.o(i.usart_interrupt_disable), (26 bytes).
    Removing gd32f10x_usart.o(i.usart_interrupt_enable), (26 bytes).
    Removing gd32f10x_usart.o(i.usart_interrupt_flag_clear), (18 bytes).
    Removing gd32f10x_usart.o(i.usart_interrupt_flag_get), (56 bytes).
    Removing gd32f10x_usart.o(i.usart_irda_lowpower_config), (20 bytes).
    Removing gd32f10x_usart.o(i.usart_irda_mode_disable), (10 bytes).
    Removing gd32f10x_usart.o(i.usart_irda_mode_enable), (10 bytes).
    Removing gd32f10x_usart.o(i.usart_lin_break_detection_length_config), (20 bytes).
    Removing gd32f10x_usart.o(i.usart_lin_mode_disable), (10 bytes).
    Removing gd32f10x_usart.o(i.usart_lin_mode_enable), (10 bytes).
    Removing gd32f10x_usart.o(i.usart_mute_mode_disable), (10 bytes).
    Removing gd32f10x_usart.o(i.usart_mute_mode_enable), (10 bytes).
    Removing gd32f10x_usart.o(i.usart_mute_mode_wakeup_config), (16 bytes).
    Removing gd32f10x_usart.o(i.usart_prescaler_config), (16 bytes).
    Removing gd32f10x_usart.o(i.usart_send_break), (10 bytes).
    Removing gd32f10x_usart.o(i.usart_smartcard_mode_disable), (10 bytes).
    Removing gd32f10x_usart.o(i.usart_smartcard_mode_enable), (10 bytes).
    Removing gd32f10x_usart.o(i.usart_smartcard_mode_nack_disable), (10 bytes).
    Removing gd32f10x_usart.o(i.usart_smartcard_mode_nack_enable), (10 bytes).
    Removing gd32f10x_usart.o(i.usart_synchronous_clock_config), (34 bytes).
    Removing gd32f10x_usart.o(i.usart_synchronous_clock_disable), (10 bytes).
    Removing gd32f10x_usart.o(i.usart_synchronous_clock_enable), (10 bytes).
    Removing gd32f10x_wwdgt.o(.rev16_text), (4 bytes).
    Removing gd32f10x_wwdgt.o(.revsh_text), (4 bytes).
    Removing gd32f10x_wwdgt.o(i.wwdgt_config), (28 bytes).
    Removing gd32f10x_wwdgt.o(i.wwdgt_counter_update), (16 bytes).
    Removing gd32f10x_wwdgt.o(i.wwdgt_deinit), (20 bytes).
    Removing gd32f10x_wwdgt.o(i.wwdgt_enable), (20 bytes).
    Removing gd32f10x_wwdgt.o(i.wwdgt_flag_clear), (12 bytes).
    Removing gd32f10x_wwdgt.o(i.wwdgt_flag_get), (24 bytes).
    Removing gd32f10x_wwdgt.o(i.wwdgt_interrupt_enable), (20 bytes).
    Removing system_gd32f10x.o(.rev16_text), (4 bytes).
    Removing system_gd32f10x.o(.revsh_text), (4 bytes).
    Removing system_gd32f10x.o(i.gd32f10x_firmware_version_get), (8 bytes).
    Removing aht20.o(.rev16_text), (4 bytes).
    Removing aht20.o(.revsh_text), (4 bytes).
    Removing aht20.o(i.Calc_CRC8), (58 bytes).
    Removing aht20.o(i.aht20_i2c_init), (76 bytes).
    Removing aht20.o(i.aht20_read_value), (220 bytes).
    Removing aht20.o(i.aht20_run_once), (140 bytes).
    Removing aht20.o(i.aht20_start_measure), (48 bytes).
    Removing aht20.o(.constdata), (15 bytes).
    Removing common.o(.rev16_text), (4 bytes).
    Removing common.o(.revsh_text), (4 bytes).
    Removing common.o(i.i2c_bus_reset), (136 bytes).
    Removing common.o(i.i2c_master_receiver), (450 bytes).
    Removing common.o(i.i2c_master_transmitter), (162 bytes).
    Removing common.o(i.i2c_scan_bus), (580 bytes).
    Removing common.o(i.uart_receive_data), (54 bytes).
    Removing common.o(i.uart_send_data), (76 bytes).
    Removing common.o(.data), (1 bytes).
    Removing gm702b.o(.rev16_text), (4 bytes).
    Removing gm702b.o(.revsh_text), (4 bytes).
    Removing gm702b.o(i.gm702b_adc_init), (108 bytes).
    Removing gm702b.o(i.gm702b_adc_read), (36 bytes).
    Removing gm702b.o(i.gm702b_calculate_ppm), (92 bytes).
    Removing gm702b.o(i.gm702b_run_once), (116 bytes).
    Removing gm702b.o(i.gm702b_warm_up), (52 bytes).
    Removing gm702b.o(.constdata), (16 bytes).
    Removing jxo2101.o(.rev16_text), (4 bytes).
    Removing jxo2101.o(.revsh_text), (4 bytes).
    Removing jxo2101.o(i.jxo2101_read_o2_value), (56 bytes).
    Removing jxo2101.o(i.jxo2101_run_once), (104 bytes).
    Removing jxo2101.o(i.jxo2101_uart_init), (120 bytes).
    Removing jxo2101.o(i.parse_o2_data), (60 bytes).
    Removing jxo2101.o(.constdata), (17 bytes).
    Removing lxdgb5a1dphy.o(.rev16_text), (4 bytes).
    Removing lxdgb5a1dphy.o(.revsh_text), (4 bytes).
    Removing m2313.o(.rev16_text), (4 bytes).
    Removing m2313.o(.revsh_text), (4 bytes).
    Removing m2313.o(i.m2313_get_cal), (32 bytes).
    Removing m2313.o(i.m2313_get_status), (152 bytes).
    Removing m2313.o(i.m2313_i2c_init), (76 bytes).
    Removing m2313.o(i.m2313_read_value), (192 bytes).
    Removing m2313.o(i.m2313_run_once), (136 bytes).
    Removing m2313.o(.constdata), (15 bytes).
    Removing mhz19d.o(.rev16_text), (4 bytes).
    Removing mhz19d.o(.revsh_text), (4 bytes).
    Removing mhz19d.o(i.calculate_checksum), (28 bytes).
    Removing mhz19d.o(i.mhz19d_hd_disable), (32 bytes).
    Removing mhz19d.o(i.mhz19d_read_co2_value), (64 bytes).
    Removing mhz19d.o(i.mhz19d_run_once), (92 bytes).
    Removing mhz19d.o(i.mhz19d_set_range), (40 bytes).
    Removing mhz19d.o(i.mhz19d_uart_init), (120 bytes).
    Removing mhz19d.o(i.parse_co2_data), (224 bytes).
    Removing mhz19d.o(.constdata), (31 bytes).
    Removing msm261s4030h0r.o(.rev16_text), (4 bytes).
    Removing msm261s4030h0r.o(.revsh_text), (4 bytes).
    Removing msm261s4030h0r.o(i.msm261s4030h0r_dma_init), (104 bytes).
    Removing msm261s4030h0r.o(i.msm261s4030h0r_get_right_channal_data), (80 bytes).
    Removing msm261s4030h0r.o(i.msm261s4030h0r_init), (36 bytes).
    Removing msm261s4030h0r.o(i.msm261s4030h0r_run_once), (92 bytes).
    Removing msm261s4030h0r.o(i.msm261s4030h0r_spi_init), (44 bytes).
    Removing msm261s4030h0r.o(.bss), (16 bytes).
    Removing msm261s4030h0r.o(.constdata), (24 bytes).
    Removing pms9103s.o(.rev16_text), (4 bytes).
    Removing pms9103s.o(.revsh_text), (4 bytes).
    Removing pms9103s.o(i.parse_sensor_data), (168 bytes).
    Removing pms9103s.o(i.pms9103s_run_once), (180 bytes).
    Removing pms9103s.o(i.pms9103s_start), (28 bytes).
    Removing pms9103s.o(i.pms9103s_uart_init), (116 bytes).
    Removing pms9103s.o(.constdata), (36 bytes).
    Removing qmi8658a.o(.rev16_text), (4 bytes).
    Removing qmi8658a.o(.revsh_text), (4 bytes).
    Removing qmi8658a.o(i.qmi8658a_config_acceleration), (32 bytes).
    Removing qmi8658a.o(i.qmi8658a_config_angularrate), (32 bytes).
    Removing qmi8658a.o(i.qmi8658a_configmode), (32 bytes).
    Removing qmi8658a.o(i.qmi8658a_enable), (32 bytes).
    Removing qmi8658a.o(i.qmi8658a_getstatus), (76 bytes).
    Removing qmi8658a.o(i.qmi8658a_i2c_init), (72 bytes).
    Removing qmi8658a.o(i.qmi8658a_init), (20 bytes).
    Removing qmi8658a.o(i.qmi8658a_read_acceleration), (252 bytes).
    Removing qmi8658a.o(i.qmi8658a_read_angularrate), (252 bytes).
    Removing qmi8658a.o(i.qmi8658a_run_once), (316 bytes).
    Removing qmi8658a.o(.constdata), (18 bytes).
    Removing crd1503g.o(.rev16_text), (4 bytes).
    Removing crd1503g.o(.revsh_text), (4 bytes).
    Removing crd1503g.o(i.crd1503g_exti_init), (60 bytes).
    Removing crd1503g.o(i.crd1503g_timer2_init), (88 bytes).
    Removing cx1088.o(.rev16_text), (4 bytes).
    Removing cx1088.o(.revsh_text), (4 bytes).
    Removing cx1088.o(i.cx1088_adc_init), (108 bytes).
    Removing cx1088.o(i.cx1088_adc_read), (36 bytes).
    Removing cx1088.o(i.cx1088_disable), (32 bytes).
    Removing cx1088.o(i.cx1088_enable), (32 bytes).
    Removing cx1088.o(i.cx1088_read_voltage), (56 bytes).
    Removing cx1088.o(i.cx1088_run_once), (128 bytes).
    Removing cx1088.o(.constdata), (16 bytes).
    Removing e_r_sensor.o(.rev16_text), (4 bytes).
    Removing e_r_sensor.o(.revsh_text), (4 bytes).
    Removing e_r_sensor.o(i.ersensor_adc_init), (108 bytes).
    Removing e_r_sensor.o(i.ersensor_adc_read), (36 bytes).
    Removing e_r_sensor.o(i.ersensor_read_voltage), (56 bytes).
    Removing e_r_sensor.o(i.ersensor_run_once), (136 bytes).
    Removing e_r_sensor.o(.constdata), (18 bytes).
    Removing bmp390.o(.rev16_text), (4 bytes).
    Removing bmp390.o(.revsh_text), (4 bytes).
    Removing bmp390.o(i.Correcting_Pressure), (864 bytes).
    Removing bmp390.o(i.Correcting_Temperature), (184 bytes).
    Removing bmp390.o(i.Parameter_Reading), (1100 bytes).
    Removing bmp390.o(i.bmp390_get_status), (152 bytes).
    Removing bmp390.o(i.bmp390_i2c_init), (76 bytes).
    Removing bmp390.o(i.bmp390_init), (32 bytes).
    Removing bmp390.o(i.bmp390_read_value), (236 bytes).
    Removing bmp390.o(i.bmp390_run_once), (180 bytes).
    Removing bmp390.o(.constdata), (16 bytes).
    Removing startup_gd32f10x_xd.o(HEAP), (512 bytes).
    Removing fadd.o(.text), (176 bytes).
    Removing fmul.o(.text), (100 bytes).
    Removing fdiv.o(.text), (124 bytes).
    Removing ffltui.o(.text), (10 bytes).
    Removing dflti.o(.text), (34 bytes).
    Removing dfltui.o(.text), (26 bytes).
    Removing dfixi.o(.text), (62 bytes).

677 unused section(s) (total 31811 bytes) removed from the image.

==============================================================================

Image Symbol Table

    Local Symbols

    Symbol Name                              Value     Ov Type        Size  Object(Section)

    ../clib/microlib/division.c              0x00000000   Number         0  uldiv.o ABSOLUTE
    ../clib/microlib/division.c              0x00000000   Number         0  uidiv.o ABSOLUTE
    ../clib/microlib/init/entry.s            0x00000000   Number         0  entry12a.o ABSOLUTE
    ../clib/microlib/init/entry.s            0x00000000   Number         0  entry8a.o ABSOLUTE
    ../clib/microlib/init/entry.s            0x00000000   Number         0  entry.o ABSOLUTE
    ../clib/microlib/init/entry.s            0x00000000   Number         0  entry7b.o ABSOLUTE
    ../clib/microlib/init/entry.s            0x00000000   Number         0  entry7a.o ABSOLUTE
    ../clib/microlib/init/entry.s            0x00000000   Number         0  entry5.o ABSOLUTE
    ../clib/microlib/init/entry.s            0x00000000   Number         0  entry12b.o ABSOLUTE
    ../clib/microlib/init/entry.s            0x00000000   Number         0  entry8b.o ABSOLUTE
    ../clib/microlib/init/entry.s            0x00000000   Number         0  entry2.o ABSOLUTE
    ../clib/microlib/init/entry.s            0x00000000   Number         0  entry9a.o ABSOLUTE
    ../clib/microlib/init/entry.s            0x00000000   Number         0  entry9b.o ABSOLUTE
    ../clib/microlib/init/entry.s            0x00000000   Number         0  entry10a.o ABSOLUTE
    ../clib/microlib/init/entry.s            0x00000000   Number         0  entry10b.o ABSOLUTE
    ../clib/microlib/init/entry.s            0x00000000   Number         0  entry11a.o ABSOLUTE
    ../clib/microlib/init/entry.s            0x00000000   Number         0  entry11b.o ABSOLUTE
    ../clib/microlib/longlong.c              0x00000000   Number         0  llsshr.o ABSOLUTE
    ../clib/microlib/longlong.c              0x00000000   Number         0  llshl.o ABSOLUTE
    ../clib/microlib/longlong.c              0x00000000   Number         0  llushr.o ABSOLUTE
    ../clib/microlib/printf/printf.c         0x00000000   Number         0  printf6.o ABSOLUTE
    ../clib/microlib/printf/printf.c         0x00000000   Number         0  printf7.o ABSOLUTE
    ../clib/microlib/printf/printf.c         0x00000000   Number         0  printf1.o ABSOLUTE
    ../clib/microlib/printf/printf.c         0x00000000   Number         0  printf0.o ABSOLUTE
    ../clib/microlib/printf/printf.c         0x00000000   Number         0  printf8.o ABSOLUTE
    ../clib/microlib/printf/printf.c         0x00000000   Number         0  printfb.o ABSOLUTE
    ../clib/microlib/printf/printf.c         0x00000000   Number         0  printfa.o ABSOLUTE
    ../clib/microlib/printf/printf.c         0x00000000   Number         0  printf3.o ABSOLUTE
    ../clib/microlib/printf/printf.c         0x00000000   Number         0  printf5.o ABSOLUTE
    ../clib/microlib/printf/printf.c         0x00000000   Number         0  printf4.o ABSOLUTE
    ../clib/microlib/printf/printf.c         0x00000000   Number         0  printf2.o ABSOLUTE
    ../clib/microlib/printf/stubs.s          0x00000000   Number         0  stubs.o ABSOLUTE
    ../clib/microlib/stdio/streams.c         0x00000000   Number         0  stdout.o ABSOLUTE
    ../clib/microlib/string/memcpy.c         0x00000000   Number         0  memcpyb.o ABSOLUTE
    ../clib/microlib/string/memcpy.c         0x00000000   Number         0  memcpya.o ABSOLUTE
    ../clib/microlib/string/memset.c         0x00000000   Number         0  memseta.o ABSOLUTE
    ../clib/microlib/stubs.s                 0x00000000   Number         0  iusefp.o ABSOLUTE
    ../fplib/microlib/d2f.c                  0x00000000   Number         0  d2f.o ABSOLUTE
    ../fplib/microlib/f2d.c                  0x00000000   Number         0  f2d.o ABSOLUTE
    ../fplib/microlib/fpadd.c                0x00000000   Number         0  dadd.o ABSOLUTE
    ../fplib/microlib/fpadd.c                0x00000000   Number         0  fadd.o ABSOLUTE
    ../fplib/microlib/fpdiv.c                0x00000000   Number         0  ddiv.o ABSOLUTE
    ../fplib/microlib/fpdiv.c                0x00000000   Number         0  fdiv.o ABSOLUTE
    ../fplib/microlib/fpepilogue.c           0x00000000   Number         0  fepilogue.o ABSOLUTE
    ../fplib/microlib/fpepilogue.c           0x00000000   Number         0  depilogue.o ABSOLUTE
    ../fplib/microlib/fpfix.c                0x00000000   Number         0  dfixi.o ABSOLUTE
    ../fplib/microlib/fpfix.c                0x00000000   Number         0  dfixul.o ABSOLUTE
    ../fplib/microlib/fpflt.c                0x00000000   Number         0  fflti.o ABSOLUTE
    ../fplib/microlib/fpflt.c                0x00000000   Number         0  dflti.o ABSOLUTE
    ../fplib/microlib/fpflt.c                0x00000000   Number         0  dfltui.o ABSOLUTE
    ../fplib/microlib/fpflt.c                0x00000000   Number         0  ffltui.o ABSOLUTE
    ../fplib/microlib/fpmul.c                0x00000000   Number         0  dmul.o ABSOLUTE
    ../fplib/microlib/fpmul.c                0x00000000   Number         0  fmul.o ABSOLUTE
    Firmware\CMSIS\GD\GD32F10x\Source\system_gd32f10x.c 0x00000000   Number         0  system_gd32f10x.o ABSOLUTE
    Firmware\GD32F10x_standard_peripheral\Source\gd32f10x_adc.c 0x00000000   Number         0  gd32f10x_adc.o ABSOLUTE
    Firmware\GD32F10x_standard_peripheral\Source\gd32f10x_bkp.c 0x00000000   Number         0  gd32f10x_bkp.o ABSOLUTE
    Firmware\GD32F10x_standard_peripheral\Source\gd32f10x_can.c 0x00000000   Number         0  gd32f10x_can.o ABSOLUTE
    Firmware\GD32F10x_standard_peripheral\Source\gd32f10x_crc.c 0x00000000   Number         0  gd32f10x_crc.o ABSOLUTE
    Firmware\GD32F10x_standard_peripheral\Source\gd32f10x_dac.c 0x00000000   Number         0  gd32f10x_dac.o ABSOLUTE
    Firmware\GD32F10x_standard_peripheral\Source\gd32f10x_dbg.c 0x00000000   Number         0  gd32f10x_dbg.o ABSOLUTE
    Firmware\GD32F10x_standard_peripheral\Source\gd32f10x_dma.c 0x00000000   Number         0  gd32f10x_dma.o ABSOLUTE
    Firmware\GD32F10x_standard_peripheral\Source\gd32f10x_enet.c 0x00000000   Number         0  gd32f10x_enet.o ABSOLUTE
    Firmware\GD32F10x_standard_peripheral\Source\gd32f10x_exmc.c 0x00000000   Number         0  gd32f10x_exmc.o ABSOLUTE
    Firmware\GD32F10x_standard_peripheral\Source\gd32f10x_exti.c 0x00000000   Number         0  gd32f10x_exti.o ABSOLUTE
    Firmware\GD32F10x_standard_peripheral\Source\gd32f10x_fmc.c 0x00000000   Number         0  gd32f10x_fmc.o ABSOLUTE
    Firmware\GD32F10x_standard_peripheral\Source\gd32f10x_fwdgt.c 0x00000000   Number         0  gd32f10x_fwdgt.o ABSOLUTE
    Firmware\GD32F10x_standard_peripheral\Source\gd32f10x_gpio.c 0x00000000   Number         0  gd32f10x_gpio.o ABSOLUTE
    Firmware\GD32F10x_standard_peripheral\Source\gd32f10x_i2c.c 0x00000000   Number         0  gd32f10x_i2c.o ABSOLUTE
    Firmware\GD32F10x_standard_peripheral\Source\gd32f10x_misc.c 0x00000000   Number         0  gd32f10x_misc.o ABSOLUTE
    Firmware\GD32F10x_standard_peripheral\Source\gd32f10x_pmu.c 0x00000000   Number         0  gd32f10x_pmu.o ABSOLUTE
    Firmware\GD32F10x_standard_peripheral\Source\gd32f10x_rcu.c 0x00000000   Number         0  gd32f10x_rcu.o ABSOLUTE
    Firmware\GD32F10x_standard_peripheral\Source\gd32f10x_rtc.c 0x00000000   Number         0  gd32f10x_rtc.o ABSOLUTE
    Firmware\GD32F10x_standard_peripheral\Source\gd32f10x_sdio.c 0x00000000   Number         0  gd32f10x_sdio.o ABSOLUTE
    Firmware\GD32F10x_standard_peripheral\Source\gd32f10x_spi.c 0x00000000   Number         0  gd32f10x_spi.o ABSOLUTE
    Firmware\GD32F10x_standard_peripheral\Source\gd32f10x_timer.c 0x00000000   Number         0  gd32f10x_timer.o ABSOLUTE
    Firmware\GD32F10x_standard_peripheral\Source\gd32f10x_usart.c 0x00000000   Number         0  gd32f10x_usart.o ABSOLUTE
    Firmware\GD32F10x_standard_peripheral\Source\gd32f10x_wwdgt.c 0x00000000   Number         0  gd32f10x_wwdgt.o ABSOLUTE
    Firmware\\CMSIS\\GD\\GD32F10x\\Source\\system_gd32f10x.c 0x00000000   Number         0  system_gd32f10x.o ABSOLUTE
    Firmware\\GD32F10x_standard_peripheral\\Source\\gd32f10x_adc.c 0x00000000   Number         0  gd32f10x_adc.o ABSOLUTE
    Firmware\\GD32F10x_standard_peripheral\\Source\\gd32f10x_bkp.c 0x00000000   Number         0  gd32f10x_bkp.o ABSOLUTE
    Firmware\\GD32F10x_standard_peripheral\\Source\\gd32f10x_can.c 0x00000000   Number         0  gd32f10x_can.o ABSOLUTE
    Firmware\\GD32F10x_standard_peripheral\\Source\\gd32f10x_crc.c 0x00000000   Number         0  gd32f10x_crc.o ABSOLUTE
    Firmware\\GD32F10x_standard_peripheral\\Source\\gd32f10x_dac.c 0x00000000   Number         0  gd32f10x_dac.o ABSOLUTE
    Firmware\\GD32F10x_standard_peripheral\\Source\\gd32f10x_dbg.c 0x00000000   Number         0  gd32f10x_dbg.o ABSOLUTE
    Firmware\\GD32F10x_standard_peripheral\\Source\\gd32f10x_dma.c 0x00000000   Number         0  gd32f10x_dma.o ABSOLUTE
    Firmware\\GD32F10x_standard_peripheral\\Source\\gd32f10x_enet.c 0x00000000   Number         0  gd32f10x_enet.o ABSOLUTE
    Firmware\\GD32F10x_standard_peripheral\\Source\\gd32f10x_exmc.c 0x00000000   Number         0  gd32f10x_exmc.o ABSOLUTE
    Firmware\\GD32F10x_standard_peripheral\\Source\\gd32f10x_exti.c 0x00000000   Number         0  gd32f10x_exti.o ABSOLUTE
    Firmware\\GD32F10x_standard_peripheral\\Source\\gd32f10x_fmc.c 0x00000000   Number         0  gd32f10x_fmc.o ABSOLUTE
    Firmware\\GD32F10x_standard_peripheral\\Source\\gd32f10x_fwdgt.c 0x00000000   Number         0  gd32f10x_fwdgt.o ABSOLUTE
    Firmware\\GD32F10x_standard_peripheral\\Source\\gd32f10x_gpio.c 0x00000000   Number         0  gd32f10x_gpio.o ABSOLUTE
    Firmware\\GD32F10x_standard_peripheral\\Source\\gd32f10x_i2c.c 0x00000000   Number         0  gd32f10x_i2c.o ABSOLUTE
    Firmware\\GD32F10x_standard_peripheral\\Source\\gd32f10x_misc.c 0x00000000   Number         0  gd32f10x_misc.o ABSOLUTE
    Firmware\\GD32F10x_standard_peripheral\\Source\\gd32f10x_pmu.c 0x00000000   Number         0  gd32f10x_pmu.o ABSOLUTE
    Firmware\\GD32F10x_standard_peripheral\\Source\\gd32f10x_rcu.c 0x00000000   Number         0  gd32f10x_rcu.o ABSOLUTE
    Firmware\\GD32F10x_standard_peripheral\\Source\\gd32f10x_rtc.c 0x00000000   Number         0  gd32f10x_rtc.o ABSOLUTE
    Firmware\\GD32F10x_standard_peripheral\\Source\\gd32f10x_sdio.c 0x00000000   Number         0  gd32f10x_sdio.o ABSOLUTE
    Firmware\\GD32F10x_standard_peripheral\\Source\\gd32f10x_spi.c 0x00000000   Number         0  gd32f10x_spi.o ABSOLUTE
    Firmware\\GD32F10x_standard_peripheral\\Source\\gd32f10x_timer.c 0x00000000   Number         0  gd32f10x_timer.o ABSOLUTE
    Firmware\\GD32F10x_standard_peripheral\\Source\\gd32f10x_usart.c 0x00000000   Number         0  gd32f10x_usart.o ABSOLUTE
    Firmware\\GD32F10x_standard_peripheral\\Source\\gd32f10x_wwdgt.c 0x00000000   Number         0  gd32f10x_wwdgt.o ABSOLUTE
    Startup\startup_gd32f10x_xd.s            0x00000000   Number         0  startup_gd32f10x_xd.o ABSOLUTE
    cdrcmple.s                               0x00000000   Number         0  cdrcmple.o ABSOLUTE
    dc.s                                     0x00000000   Number         0  dc.o ABSOLUTE
    handlers.s                               0x00000000   Number         0  handlers.o ABSOLUTE
    init.s                                   0x00000000   Number         0  init.o ABSOLUTE
    sensor\\aht20\\aht20.c                   0x00000000   Number         0  aht20.o ABSOLUTE
    sensor\\bmp390\\bmp390.c                 0x00000000   Number         0  bmp390.o ABSOLUTE
    sensor\\common\\common.c                 0x00000000   Number         0  common.o ABSOLUTE
    sensor\\crd1503g\\crd1503g.c             0x00000000   Number         0  crd1503g.o ABSOLUTE
    sensor\\cx1088\\cx1088.c                 0x00000000   Number         0  cx1088.o ABSOLUTE
    sensor\\electro_radiation_sensor\\e_r_sensor.c 0x00000000   Number         0  e_r_sensor.o ABSOLUTE
    sensor\\gm702b\\gm702b.c                 0x00000000   Number         0  gm702b.o ABSOLUTE
    sensor\\jxo2101\\jxo2101.c               0x00000000   Number         0  jxo2101.o ABSOLUTE
    sensor\\lxdgb5a1dphy\\lxdgb5a1dphy.c     0x00000000   Number         0  lxdgb5a1dphy.o ABSOLUTE
    sensor\\m2313\\m2313.c                   0x00000000   Number         0  m2313.o ABSOLUTE
    sensor\\mhz19d\\mhz19d.c                 0x00000000   Number         0  mhz19d.o ABSOLUTE
    sensor\\msm261s4030h0r\\msm261s4030h0r.c 0x00000000   Number         0  msm261s4030h0r.o ABSOLUTE
    sensor\\pms9103s\\pms9103s.c             0x00000000   Number         0  pms9103s.o ABSOLUTE
    sensor\\qmi8658a\\qmi8658a.c             0x00000000   Number         0  qmi8658a.o ABSOLUTE
    sensor\aht20\aht20.c                     0x00000000   Number         0  aht20.o ABSOLUTE
    sensor\bmp390\bmp390.c                   0x00000000   Number         0  bmp390.o ABSOLUTE
    sensor\common\common.c                   0x00000000   Number         0  common.o ABSOLUTE
    sensor\crd1503g\crd1503g.c               0x00000000   Number         0  crd1503g.o ABSOLUTE
    sensor\cx1088\cx1088.c                   0x00000000   Number         0  cx1088.o ABSOLUTE
    sensor\electro_radiation_sensor\e_r_sensor.c 0x00000000   Number         0  e_r_sensor.o ABSOLUTE
    sensor\gm702b\gm702b.c                   0x00000000   Number         0  gm702b.o ABSOLUTE
    sensor\jxo2101\jxo2101.c                 0x00000000   Number         0  jxo2101.o ABSOLUTE
    sensor\lxdgb5a1dphy\lxdgb5a1dphy.c       0x00000000   Number         0  lxdgb5a1dphy.o ABSOLUTE
    sensor\m2313\m2313.c                     0x00000000   Number         0  m2313.o ABSOLUTE
    sensor\mhz19d\mhz19d.c                   0x00000000   Number         0  mhz19d.o ABSOLUTE
    sensor\msm261s4030h0r\msm261s4030h0r.c   0x00000000   Number         0  msm261s4030h0r.o ABSOLUTE
    sensor\pms9103s\pms9103s.c               0x00000000   Number         0  pms9103s.o ABSOLUTE
    sensor\qmi8658a\qmi8658a.c               0x00000000   Number         0  qmi8658a.o ABSOLUTE
    user\\gd32f10x_it.c                      0x00000000   Number         0  gd32f10x_it.o ABSOLUTE
    user\\main.c                             0x00000000   Number         0  main.o ABSOLUTE
    user\\systick.c                          0x00000000   Number         0  systick.o ABSOLUTE
    user\gd32f10x_it.c                       0x00000000   Number         0  gd32f10x_it.o ABSOLUTE
    user\main.c                              0x00000000   Number         0  main.o ABSOLUTE
    user\systick.c                           0x00000000   Number         0  systick.o ABSOLUTE
    RESET                                    0x08000000   Section      304  startup_gd32f10x_xd.o(RESET)
    .ARM.Collect$$$$00000000                 0x08000130   Section        0  entry.o(.ARM.Collect$$$$00000000)
    .ARM.Collect$$$$00000001                 0x08000130   Section        4  entry2.o(.ARM.Collect$$$$00000001)
    .ARM.Collect$$$$00000004                 0x08000134   Section        4  entry5.o(.ARM.Collect$$$$00000004)
    .ARM.Collect$$$$00000008                 0x08000138   Section        0  entry7b.o(.ARM.Collect$$$$00000008)
    .ARM.Collect$$$$0000000A                 0x08000138   Section        0  entry8b.o(.ARM.Collect$$$$0000000A)
    .ARM.Collect$$$$0000000B                 0x08000138   Section        8  entry9a.o(.ARM.Collect$$$$0000000B)
    .ARM.Collect$$$$0000000E                 0x08000140   Section        4  entry12b.o(.ARM.Collect$$$$0000000E)
    .ARM.Collect$$$$0000000F                 0x08000144   Section        0  entry10a.o(.ARM.Collect$$$$0000000F)
    .ARM.Collect$$$$00000011                 0x08000144   Section        0  entry11a.o(.ARM.Collect$$$$00000011)
    .ARM.Collect$$$$00002712                 0x08000144   Section        4  entry2.o(.ARM.Collect$$$$00002712)
    __lit__00000000                          0x08000144   Data           4  entry2.o(.ARM.Collect$$$$00002712)
    .text                                    0x08000148   Section       36  startup_gd32f10x_xd.o(.text)
    .text                                    0x0800016c   Section        0  memseta.o(.text)
    .text                                    0x08000190   Section        0  dadd.o(.text)
    .text                                    0x080002de   Section        0  dmul.o(.text)
    .text                                    0x080003c2   Section        0  ddiv.o(.text)
    .text                                    0x080004a0   Section        0  fflti.o(.text)
    .text                                    0x080004b2   Section        0  f2d.o(.text)
    .text                                    0x080004d8   Section        0  d2f.o(.text)
    .text                                    0x08000510   Section        0  uidiv.o(.text)
    .text                                    0x0800053c   Section        0  uldiv.o(.text)
    .text                                    0x0800059e   Section        0  llshl.o(.text)
    .text                                    0x080005bc   Section        0  llushr.o(.text)
    .text                                    0x080005dc   Section        0  llsshr.o(.text)
    .text                                    0x08000600   Section        0  fepilogue.o(.text)
    .text                                    0x08000600   Section        0  iusefp.o(.text)
    .text                                    0x0800066e   Section        0  depilogue.o(.text)
    .text                                    0x08000728   Section        0  dfixul.o(.text)
    .text                                    0x08000758   Section       48  cdrcmple.o(.text)
    .text                                    0x08000788   Section       36  init.o(.text)
    i.BusFault_Handler                       0x080007ac   Section        0  gd32f10x_it.o(i.BusFault_Handler)
    i.DebugMon_Handler                       0x080007b0   Section        0  gd32f10x_it.o(i.DebugMon_Handler)
    i.EXTI10_15_IRQHandler                   0x080007b4   Section        0  crd1503g.o(i.EXTI10_15_IRQHandler)
    i.HardFault_Handler                      0x080007d8   Section        0  gd32f10x_it.o(i.HardFault_Handler)
    i.MemManage_Handler                      0x080007dc   Section        0  gd32f10x_it.o(i.MemManage_Handler)
    i.NMI_Handler                            0x080007e0   Section        0  gd32f10x_it.o(i.NMI_Handler)
    i.NVIC_SetPriority                       0x080007e4   Section        0  systick.o(i.NVIC_SetPriority)
    NVIC_SetPriority                         0x080007e5   Thumb Code    32  systick.o(i.NVIC_SetPriority)
    i.PendSV_Handler                         0x0800080c   Section        0  gd32f10x_it.o(i.PendSV_Handler)
    i.SVC_Handler                            0x08000810   Section        0  gd32f10x_it.o(i.SVC_Handler)
    i.SysTick_Handler                        0x08000814   Section        0  gd32f10x_it.o(i.SysTick_Handler)
    i.SystemInit                             0x0800081c   Section        0  system_gd32f10x.o(i.SystemInit)
    i.TIMER2_IRQHandler                      0x08000934   Section        0  crd1503g.o(i.TIMER2_IRQHandler)
    i.UsageFault_Handler                     0x08000970   Section        0  gd32f10x_it.o(i.UsageFault_Handler)
    i.__0printf                              0x08000974   Section        0  printfa.o(i.__0printf)
    i.__scatterload_copy                     0x08000994   Section       14  handlers.o(i.__scatterload_copy)
    i.__scatterload_null                     0x080009a2   Section        2  handlers.o(i.__scatterload_null)
    i.__scatterload_zeroinit                 0x080009a4   Section       14  handlers.o(i.__scatterload_zeroinit)
    i._fp_digits                             0x080009b4   Section        0  printfa.o(i._fp_digits)
    _fp_digits                               0x080009b5   Thumb Code   366  printfa.o(i._fp_digits)
    i._printf_core                           0x08000b38   Section        0  printfa.o(i._printf_core)
    _printf_core                             0x08000b39   Thumb Code  1704  printfa.o(i._printf_core)
    i._printf_post_padding                   0x080011ec   Section        0  printfa.o(i._printf_post_padding)
    _printf_post_padding                     0x080011ed   Thumb Code    36  printfa.o(i._printf_post_padding)
    i._printf_pre_padding                    0x08001210   Section        0  printfa.o(i._printf_pre_padding)
    _printf_pre_padding                      0x08001211   Thumb Code    46  printfa.o(i._printf_pre_padding)
    i._soft_delay_                           0x0800123e   Section        0  system_gd32f10x.o(i._soft_delay_)
    _soft_delay_                             0x0800123f   Thumb Code    28  system_gd32f10x.o(i._soft_delay_)
    i.adc_calibration_enable                 0x0800125a   Section        0  gd32f10x_adc.o(i.adc_calibration_enable)
    i.adc_channel_length_config              0x08001284   Section        0  gd32f10x_adc.o(i.adc_channel_length_config)
    i.adc_data_alignment_config              0x080012ca   Section        0  gd32f10x_adc.o(i.adc_data_alignment_config)
    i.adc_deinit                             0x080012e0   Section        0  gd32f10x_adc.o(i.adc_deinit)
    i.adc_enable                             0x08001338   Section        0  gd32f10x_adc.o(i.adc_enable)
    i.adc_external_trigger_config            0x0800134a   Section        0  gd32f10x_adc.o(i.adc_external_trigger_config)
    i.adc_external_trigger_source_config     0x08001388   Section        0  gd32f10x_adc.o(i.adc_external_trigger_source_config)
    i.adc_flag_get                           0x080013b8   Section        0  gd32f10x_adc.o(i.adc_flag_get)
    i.adc_mode_config                        0x080013c8   Section        0  gd32f10x_adc.o(i.adc_mode_config)
    i.adc_regular_channel_config             0x080013e4   Section        0  gd32f10x_adc.o(i.adc_regular_channel_config)
    i.adc_regular_data_read                  0x08001490   Section        0  gd32f10x_adc.o(i.adc_regular_data_read)
    i.adc_software_trigger_enable            0x08001498   Section        0  gd32f10x_adc.o(i.adc_software_trigger_enable)
    i.adc_to_lux                             0x080014b8   Section        0  lxdgb5a1dphy.o(i.adc_to_lux)
    i.delay_1ms                              0x08001504   Section        0  systick.o(i.delay_1ms)
    i.delay_decrement                        0x08001518   Section        0  systick.o(i.delay_decrement)
    i.exti_interrupt_flag_clear              0x08001530   Section        0  gd32f10x_exti.o(i.exti_interrupt_flag_clear)
    i.exti_interrupt_flag_get                0x0800153c   Section        0  gd32f10x_exti.o(i.exti_interrupt_flag_get)
    i.fputc                                  0x08001554   Section        0  main.o(i.fputc)
    i.gpio_bit_set                           0x08001578   Section        0  gd32f10x_gpio.o(i.gpio_bit_set)
    i.gpio_init                              0x0800157c   Section        0  gd32f10x_gpio.o(i.gpio_init)
    i.gpio_pin_remap_config                  0x08001628   Section        0  gd32f10x_gpio.o(i.gpio_pin_remap_config)
    i.lxdgb5a1dphy_adc_init                  0x080016b8   Section        0  lxdgb5a1dphy.o(i.lxdgb5a1dphy_adc_init)
    i.lxdgb5a1dphy_adc_read                  0x08001724   Section        0  lxdgb5a1dphy.o(i.lxdgb5a1dphy_adc_read)
    i.lxdgb5a1dphy_run_once                  0x08001748   Section        0  lxdgb5a1dphy.o(i.lxdgb5a1dphy_run_once)
    i.main                                   0x080017b4   Section        0  main.o(i.main)
    i.nvic_vector_table_set                  0x080017e8   Section        0  gd32f10x_misc.o(i.nvic_vector_table_set)
    i.rcu_clock_freq_get                     0x08001800   Section        0  gd32f10x_rcu.o(i.rcu_clock_freq_get)
    i.rcu_periph_clock_enable                0x08001928   Section        0  gd32f10x_rcu.o(i.rcu_periph_clock_enable)
    i.rcu_periph_reset_disable               0x08001948   Section        0  gd32f10x_rcu.o(i.rcu_periph_reset_disable)
    i.rcu_periph_reset_enable                0x08001968   Section        0  gd32f10x_rcu.o(i.rcu_periph_reset_enable)
    i.sensor_init                            0x08001988   Section        0  common.o(i.sensor_init)
    i.sensor_periph_clk_enable               0x08001996   Section        0  common.o(i.sensor_periph_clk_enable)
    i.sensor_power_enable                    0x08001a0c   Section        0  common.o(i.sensor_power_enable)
    i.system_clock_100m_hxtal                0x08001a48   Section        0  system_gd32f10x.o(i.system_clock_100m_hxtal)
    system_clock_100m_hxtal                  0x08001a49   Thumb Code   198  system_gd32f10x.o(i.system_clock_100m_hxtal)
    i.system_clock_config                    0x08001b18   Section        0  system_gd32f10x.o(i.system_clock_config)
    system_clock_config                      0x08001b19   Thumb Code     8  system_gd32f10x.o(i.system_clock_config)
    i.systick_config                         0x08001b20   Section        0  systick.o(i.systick_config)
    i.timer_interrupt_flag_clear             0x08001b70   Section        0  gd32f10x_timer.o(i.timer_interrupt_flag_clear)
    i.timer_interrupt_flag_get               0x08001b76   Section        0  gd32f10x_timer.o(i.timer_interrupt_flag_get)
    i.uart_config                            0x08001b90   Section        0  main.o(i.uart_config)
    i.usart_baudrate_set                     0x08001bf8   Section        0  gd32f10x_usart.o(i.usart_baudrate_set)
    i.usart_data_transmit                    0x08001c88   Section        0  gd32f10x_usart.o(i.usart_data_transmit)
    i.usart_deinit                           0x08001c90   Section        0  gd32f10x_usart.o(i.usart_deinit)
    i.usart_enable                           0x08001d20   Section        0  gd32f10x_usart.o(i.usart_enable)
    i.usart_flag_get                         0x08001d2a   Section        0  gd32f10x_usart.o(i.usart_flag_get)
    i.usart_parity_config                    0x08001d48   Section        0  gd32f10x_usart.o(i.usart_parity_config)
    i.usart_receive_config                   0x08001d58   Section        0  gd32f10x_usart.o(i.usart_receive_config)
    i.usart_stop_bit_set                     0x08001d68   Section        0  gd32f10x_usart.o(i.usart_stop_bit_set)
    i.usart_transmit_config                  0x08001d78   Section        0  gd32f10x_usart.o(i.usart_transmit_config)
    i.usart_word_length_set                  0x08001d88   Section        0  gd32f10x_usart.o(i.usart_word_length_set)
    .constdata                               0x08001d98   Section       22  lxdgb5a1dphy.o(.constdata)
    __FUNCTION__                             0x08001d98   Data          22  lxdgb5a1dphy.o(.constdata)
    .data                                    0x20000000   Section        4  systick.o(.data)
    delay                                    0x20000000   Data           4  systick.o(.data)
    .data                                    0x20000004   Section        4  system_gd32f10x.o(.data)
    .data                                    0x20000008   Section        9  crd1503g.o(.data)
    .data                                    0x20000014   Section        4  stdout.o(.data)
    .bss                                     0x20000018   Section       88  main.o(.bss)
    STACK                                    0x20000070   Section     1024  startup_gd32f10x_xd.o(STACK)

    Global Symbols

    Symbol Name                              Value     Ov Type        Size  Object(Section)

    BuildAttributes$$THM_ISAv4$P$D$K$B$S$PE$A:L22UL41UL21$X:L11$S22US41US21$IEEE1$IW$USESV6$~STKCKD$USESV7$~SHL$OTIME$ROPI$EBA8$MICROLIB$REQ8$PRES8$EABIv2 0x00000000   Number         0  anon$$obj.o ABSOLUTE
    __ARM_use_no_argv                        0x00000000   Number         0  main.o ABSOLUTE
    _printf_a                                0x00000000   Number         0  stubs.o ABSOLUTE
    _printf_c                                0x00000000   Number         0  stubs.o ABSOLUTE
    _printf_charcount                        0x00000000   Number         0  stubs.o ABSOLUTE
    _printf_d                                0x00000000   Number         0  stubs.o ABSOLUTE
    _printf_e                                0x00000000   Number         0  stubs.o ABSOLUTE
    _printf_f                                0x00000000   Number         0  stubs.o ABSOLUTE
    _printf_flags                            0x00000000   Number         0  stubs.o ABSOLUTE
    _printf_fp_dec                           0x00000000   Number         0  stubs.o ABSOLUTE
    _printf_fp_hex                           0x00000000   Number         0  stubs.o ABSOLUTE
    _printf_g                                0x00000000   Number         0  stubs.o ABSOLUTE
    _printf_i                                0x00000000   Number         0  stubs.o ABSOLUTE
    _printf_int_dec                          0x00000000   Number         0  stubs.o ABSOLUTE
    _printf_l                                0x00000000   Number         0  stubs.o ABSOLUTE
    _printf_lc                               0x00000000   Number         0  stubs.o ABSOLUTE
    _printf_ll                               0x00000000   Number         0  stubs.o ABSOLUTE
    _printf_lld                              0x00000000   Number         0  stubs.o ABSOLUTE
    _printf_lli                              0x00000000   Number         0  stubs.o ABSOLUTE
    _printf_llo                              0x00000000   Number         0  stubs.o ABSOLUTE
    _printf_llu                              0x00000000   Number         0  stubs.o ABSOLUTE
    _printf_llx                              0x00000000   Number         0  stubs.o ABSOLUTE
    _printf_longlong_dec                     0x00000000   Number         0  stubs.o ABSOLUTE
    _printf_longlong_hex                     0x00000000   Number         0  stubs.o ABSOLUTE
    _printf_longlong_oct                     0x00000000   Number         0  stubs.o ABSOLUTE
    _printf_ls                               0x00000000   Number         0  stubs.o ABSOLUTE
    _printf_mbtowc                           0x00000000   Number         0  stubs.o ABSOLUTE
    _printf_n                                0x00000000   Number         0  stubs.o ABSOLUTE
    _printf_o                                0x00000000   Number         0  stubs.o ABSOLUTE
    _printf_p                                0x00000000   Number         0  stubs.o ABSOLUTE
    _printf_percent                          0x00000000   Number         0  stubs.o ABSOLUTE
    _printf_pre_padding                      0x00000000   Number         0  stubs.o ABSOLUTE
    _printf_return_value                     0x00000000   Number         0  stubs.o ABSOLUTE
    _printf_s                                0x00000000   Number         0  stubs.o ABSOLUTE
    _printf_sizespec                         0x00000000   Number         0  stubs.o ABSOLUTE
    _printf_str                              0x00000000   Number         0  stubs.o ABSOLUTE
    _printf_truncate_signed                  0x00000000   Number         0  stubs.o ABSOLUTE
    _printf_truncate_unsigned                0x00000000   Number         0  stubs.o ABSOLUTE
    _printf_u                                0x00000000   Number         0  stubs.o ABSOLUTE
    _printf_wc                               0x00000000   Number         0  stubs.o ABSOLUTE
    _printf_wctomb                           0x00000000   Number         0  stubs.o ABSOLUTE
    _printf_widthprec                        0x00000000   Number         0  stubs.o ABSOLUTE
    _printf_x                                0x00000000   Number         0  stubs.o ABSOLUTE
    __arm_fini_                               - Undefined Weak Reference
    __cpp_initialize__aeabi_                  - Undefined Weak Reference
    __cxa_finalize                            - Undefined Weak Reference
    __decompress                              - Undefined Weak Reference
    _clock_init                               - Undefined Weak Reference
    _microlib_exit                            - Undefined Weak Reference
    __Vectors_Size                           0x00000130   Number         0  startup_gd32f10x_xd.o ABSOLUTE
    __Vectors                                0x08000000   Data           4  startup_gd32f10x_xd.o(RESET)
    __Vectors_End                            0x08000130   Data           0  startup_gd32f10x_xd.o(RESET)
    __main                                   0x08000131   Thumb Code     0  entry.o(.ARM.Collect$$$$00000000)
    _main_stk                                0x08000131   Thumb Code     0  entry2.o(.ARM.Collect$$$$00000001)
    _main_scatterload                        0x08000135   Thumb Code     0  entry5.o(.ARM.Collect$$$$00000004)
    __main_after_scatterload                 0x08000139   Thumb Code     0  entry5.o(.ARM.Collect$$$$00000004)
    _main_clock                              0x08000139   Thumb Code     0  entry7b.o(.ARM.Collect$$$$00000008)
    _main_cpp_init                           0x08000139   Thumb Code     0  entry8b.o(.ARM.Collect$$$$0000000A)
    _main_init                               0x08000139   Thumb Code     0  entry9a.o(.ARM.Collect$$$$0000000B)
    __rt_lib_shutdown_fini                   0x08000141   Thumb Code     0  entry12b.o(.ARM.Collect$$$$0000000E)
    __rt_final_cpp                           0x08000145   Thumb Code     0  entry10a.o(.ARM.Collect$$$$0000000F)
    __rt_final_exit                          0x08000145   Thumb Code     0  entry11a.o(.ARM.Collect$$$$00000011)
    Reset_Handler                            0x08000149   Thumb Code     8  startup_gd32f10x_xd.o(.text)
    ADC0_1_IRQHandler                        0x08000163   Thumb Code     0  startup_gd32f10x_xd.o(.text)
    ADC2_IRQHandler                          0x08000163   Thumb Code     0  startup_gd32f10x_xd.o(.text)
    CAN0_EWMC_IRQHandler                     0x08000163   Thumb Code     0  startup_gd32f10x_xd.o(.text)
    CAN0_RX1_IRQHandler                      0x08000163   Thumb Code     0  startup_gd32f10x_xd.o(.text)
    DMA0_Channel0_IRQHandler                 0x08000163   Thumb Code     0  startup_gd32f10x_xd.o(.text)
    DMA0_Channel1_IRQHandler                 0x08000163   Thumb Code     0  startup_gd32f10x_xd.o(.text)
    DMA0_Channel2_IRQHandler                 0x08000163   Thumb Code     0  startup_gd32f10x_xd.o(.text)
    DMA0_Channel3_IRQHandler                 0x08000163   Thumb Code     0  startup_gd32f10x_xd.o(.text)
    DMA0_Channel4_IRQHandler                 0x08000163   Thumb Code     0  startup_gd32f10x_xd.o(.text)
    DMA0_Channel5_IRQHandler                 0x08000163   Thumb Code     0  startup_gd32f10x_xd.o(.text)
    DMA0_Channel6_IRQHandler                 0x08000163   Thumb Code     0  startup_gd32f10x_xd.o(.text)
    DMA1_Channel0_IRQHandler                 0x08000163   Thumb Code     0  startup_gd32f10x_xd.o(.text)
    DMA1_Channel1_IRQHandler                 0x08000163   Thumb Code     0  startup_gd32f10x_xd.o(.text)
    DMA1_Channel2_IRQHandler                 0x08000163   Thumb Code     0  startup_gd32f10x_xd.o(.text)
    DMA1_Channel3_4_IRQHandler               0x08000163   Thumb Code     0  startup_gd32f10x_xd.o(.text)
    EXMC_IRQHandler                          0x08000163   Thumb Code     0  startup_gd32f10x_xd.o(.text)
    EXTI0_IRQHandler                         0x08000163   Thumb Code     0  startup_gd32f10x_xd.o(.text)
    EXTI1_IRQHandler                         0x08000163   Thumb Code     0  startup_gd32f10x_xd.o(.text)
    EXTI2_IRQHandler                         0x08000163   Thumb Code     0  startup_gd32f10x_xd.o(.text)
    EXTI3_IRQHandler                         0x08000163   Thumb Code     0  startup_gd32f10x_xd.o(.text)
    EXTI4_IRQHandler                         0x08000163   Thumb Code     0  startup_gd32f10x_xd.o(.text)
    EXTI5_9_IRQHandler                       0x08000163   Thumb Code     0  startup_gd32f10x_xd.o(.text)
    FMC_IRQHandler                           0x08000163   Thumb Code     0  startup_gd32f10x_xd.o(.text)
    I2C0_ER_IRQHandler                       0x08000163   Thumb Code     0  startup_gd32f10x_xd.o(.text)
    I2C0_EV_IRQHandler                       0x08000163   Thumb Code     0  startup_gd32f10x_xd.o(.text)
    I2C1_ER_IRQHandler                       0x08000163   Thumb Code     0  startup_gd32f10x_xd.o(.text)
    I2C1_EV_IRQHandler                       0x08000163   Thumb Code     0  startup_gd32f10x_xd.o(.text)
    LVD_IRQHandler                           0x08000163   Thumb Code     0  startup_gd32f10x_xd.o(.text)
    RCU_IRQHandler                           0x08000163   Thumb Code     0  startup_gd32f10x_xd.o(.text)
    RTC_Alarm_IRQHandler                     0x08000163   Thumb Code     0  startup_gd32f10x_xd.o(.text)
    RTC_IRQHandler                           0x08000163   Thumb Code     0  startup_gd32f10x_xd.o(.text)
    SDIO_IRQHandler                          0x08000163   Thumb Code     0  startup_gd32f10x_xd.o(.text)
    SPI0_IRQHandler                          0x08000163   Thumb Code     0  startup_gd32f10x_xd.o(.text)
    SPI1_IRQHandler                          0x08000163   Thumb Code     0  startup_gd32f10x_xd.o(.text)
    SPI2_IRQHandler                          0x08000163   Thumb Code     0  startup_gd32f10x_xd.o(.text)
    TAMPER_IRQHandler                        0x08000163   Thumb Code     0  startup_gd32f10x_xd.o(.text)
    TIMER0_BRK_TIMER8_IRQHandler             0x08000163   Thumb Code     0  startup_gd32f10x_xd.o(.text)
    TIMER0_Channel_IRQHandler                0x08000163   Thumb Code     0  startup_gd32f10x_xd.o(.text)
    TIMER0_TRG_CMT_TIMER10_IRQHandler        0x08000163   Thumb Code     0  startup_gd32f10x_xd.o(.text)
    TIMER0_UP_TIMER9_IRQHandler              0x08000163   Thumb Code     0  startup_gd32f10x_xd.o(.text)
    TIMER1_IRQHandler                        0x08000163   Thumb Code     0  startup_gd32f10x_xd.o(.text)
    TIMER3_IRQHandler                        0x08000163   Thumb Code     0  startup_gd32f10x_xd.o(.text)
    TIMER4_IRQHandler                        0x08000163   Thumb Code     0  startup_gd32f10x_xd.o(.text)
    TIMER5_IRQHandler                        0x08000163   Thumb Code     0  startup_gd32f10x_xd.o(.text)
    TIMER6_IRQHandler                        0x08000163   Thumb Code     0  startup_gd32f10x_xd.o(.text)
    TIMER7_BRK_TIMER11_IRQHandler            0x08000163   Thumb Code     0  startup_gd32f10x_xd.o(.text)
    TIMER7_Channel_IRQHandler                0x08000163   Thumb Code     0  startup_gd32f10x_xd.o(.text)
    TIMER7_TRG_CMT_TIMER13_IRQHandler        0x08000163   Thumb Code     0  startup_gd32f10x_xd.o(.text)
    TIMER7_UP_TIMER12_IRQHandler             0x08000163   Thumb Code     0  startup_gd32f10x_xd.o(.text)
    UART3_IRQHandler                         0x08000163   Thumb Code     0  startup_gd32f10x_xd.o(.text)
    UART4_IRQHandler                         0x08000163   Thumb Code     0  startup_gd32f10x_xd.o(.text)
    USART0_IRQHandler                        0x08000163   Thumb Code     0  startup_gd32f10x_xd.o(.text)
    USART1_IRQHandler                        0x08000163   Thumb Code     0  startup_gd32f10x_xd.o(.text)
    USART2_IRQHandler                        0x08000163   Thumb Code     0  startup_gd32f10x_xd.o(.text)
    USBD_HP_CAN0_TX_IRQHandler               0x08000163   Thumb Code     0  startup_gd32f10x_xd.o(.text)
    USBD_LP_CAN0_RX0_IRQHandler              0x08000163   Thumb Code     0  startup_gd32f10x_xd.o(.text)
    USBD_WKUP_IRQHandler                     0x08000163   Thumb Code     0  startup_gd32f10x_xd.o(.text)
    WWDGT_IRQHandler                         0x08000163   Thumb Code     0  startup_gd32f10x_xd.o(.text)
    __aeabi_memset                           0x0800016d   Thumb Code    14  memseta.o(.text)
    __aeabi_memset4                          0x0800016d   Thumb Code     0  memseta.o(.text)
    __aeabi_memset8                          0x0800016d   Thumb Code     0  memseta.o(.text)
    __aeabi_memclr                           0x0800017b   Thumb Code     4  memseta.o(.text)
    __aeabi_memclr4                          0x0800017b   Thumb Code     0  memseta.o(.text)
    __aeabi_memclr8                          0x0800017b   Thumb Code     0  memseta.o(.text)
    _memset$wrapper                          0x0800017f   Thumb Code    18  memseta.o(.text)
    __aeabi_dadd                             0x08000191   Thumb Code   322  dadd.o(.text)
    __aeabi_dsub                             0x080002d3   Thumb Code     6  dadd.o(.text)
    __aeabi_drsub                            0x080002d9   Thumb Code     6  dadd.o(.text)
    __aeabi_dmul                             0x080002df   Thumb Code   228  dmul.o(.text)
    __aeabi_ddiv                             0x080003c3   Thumb Code   222  ddiv.o(.text)
    __aeabi_i2f                              0x080004a1   Thumb Code    18  fflti.o(.text)
    __aeabi_f2d                              0x080004b3   Thumb Code    38  f2d.o(.text)
    __aeabi_d2f                              0x080004d9   Thumb Code    56  d2f.o(.text)
    __aeabi_uidiv                            0x08000511   Thumb Code     0  uidiv.o(.text)
    __aeabi_uidivmod                         0x08000511   Thumb Code    44  uidiv.o(.text)
    __aeabi_uldivmod                         0x0800053d   Thumb Code    98  uldiv.o(.text)
    __aeabi_llsl                             0x0800059f   Thumb Code    30  llshl.o(.text)
    _ll_shift_l                              0x0800059f   Thumb Code     0  llshl.o(.text)
    __aeabi_llsr                             0x080005bd   Thumb Code    32  llushr.o(.text)
    _ll_ushift_r                             0x080005bd   Thumb Code     0  llushr.o(.text)
    __aeabi_lasr                             0x080005dd   Thumb Code    36  llsshr.o(.text)
    _ll_sshift_r                             0x080005dd   Thumb Code     0  llsshr.o(.text)
    __I$use$fp                               0x08000601   Thumb Code     0  iusefp.o(.text)
    _float_round                             0x08000601   Thumb Code    18  fepilogue.o(.text)
    _float_epilogue                          0x08000613   Thumb Code    92  fepilogue.o(.text)
    _double_round                            0x0800066f   Thumb Code    30  depilogue.o(.text)
    _double_epilogue                         0x0800068d   Thumb Code   156  depilogue.o(.text)
    __aeabi_d2ulz                            0x08000729   Thumb Code    48  dfixul.o(.text)
    __aeabi_cdrcmple                         0x08000759   Thumb Code    48  cdrcmple.o(.text)
    __scatterload                            0x08000789   Thumb Code    28  init.o(.text)
    __scatterload_rt2                        0x08000789   Thumb Code     0  init.o(.text)
    BusFault_Handler                         0x080007ad   Thumb Code     4  gd32f10x_it.o(i.BusFault_Handler)
    DebugMon_Handler                         0x080007b1   Thumb Code     4  gd32f10x_it.o(i.DebugMon_Handler)
    EXTI10_15_IRQHandler                     0x080007b5   Thumb Code    32  crd1503g.o(i.EXTI10_15_IRQHandler)
    HardFault_Handler                        0x080007d9   Thumb Code     4  gd32f10x_it.o(i.HardFault_Handler)
    MemManage_Handler                        0x080007dd   Thumb Code     4  gd32f10x_it.o(i.MemManage_Handler)
    NMI_Handler                              0x080007e1   Thumb Code     4  gd32f10x_it.o(i.NMI_Handler)
    PendSV_Handler                           0x0800080d   Thumb Code     4  gd32f10x_it.o(i.PendSV_Handler)
    SVC_Handler                              0x08000811   Thumb Code     4  gd32f10x_it.o(i.SVC_Handler)
    SysTick_Handler                          0x08000815   Thumb Code     8  gd32f10x_it.o(i.SysTick_Handler)
    SystemInit                               0x0800081d   Thumb Code   264  system_gd32f10x.o(i.SystemInit)
    TIMER2_IRQHandler                        0x08000935   Thumb Code    42  crd1503g.o(i.TIMER2_IRQHandler)
    UsageFault_Handler                       0x08000971   Thumb Code     4  gd32f10x_it.o(i.UsageFault_Handler)
    __0printf                                0x08000975   Thumb Code    22  printfa.o(i.__0printf)
    __1printf                                0x08000975   Thumb Code     0  printfa.o(i.__0printf)
    __2printf                                0x08000975   Thumb Code     0  printfa.o(i.__0printf)
    __c89printf                              0x08000975   Thumb Code     0  printfa.o(i.__0printf)
    printf                                   0x08000975   Thumb Code     0  printfa.o(i.__0printf)
    __scatterload_copy                       0x08000995   Thumb Code    14  handlers.o(i.__scatterload_copy)
    __scatterload_null                       0x080009a3   Thumb Code     2  handlers.o(i.__scatterload_null)
    __scatterload_zeroinit                   0x080009a5   Thumb Code    14  handlers.o(i.__scatterload_zeroinit)
    adc_calibration_enable                   0x0800125b   Thumb Code    42  gd32f10x_adc.o(i.adc_calibration_enable)
    adc_channel_length_config                0x08001285   Thumb Code    70  gd32f10x_adc.o(i.adc_channel_length_config)
    adc_data_alignment_config                0x080012cb   Thumb Code    22  gd32f10x_adc.o(i.adc_data_alignment_config)
    adc_deinit                               0x080012e1   Thumb Code    84  gd32f10x_adc.o(i.adc_deinit)
    adc_enable                               0x08001339   Thumb Code    18  gd32f10x_adc.o(i.adc_enable)
    adc_external_trigger_config              0x0800134b   Thumb Code    62  gd32f10x_adc.o(i.adc_external_trigger_config)
    adc_external_trigger_source_config       0x08001389   Thumb Code    48  gd32f10x_adc.o(i.adc_external_trigger_source_config)
    adc_flag_get                             0x080013b9   Thumb Code    14  gd32f10x_adc.o(i.adc_flag_get)
    adc_mode_config                          0x080013c9   Thumb Code    22  gd32f10x_adc.o(i.adc_mode_config)
    adc_regular_channel_config               0x080013e5   Thumb Code   172  gd32f10x_adc.o(i.adc_regular_channel_config)
    adc_regular_data_read                    0x08001491   Thumb Code     8  gd32f10x_adc.o(i.adc_regular_data_read)
    adc_software_trigger_enable              0x08001499   Thumb Code    30  gd32f10x_adc.o(i.adc_software_trigger_enable)
    adc_to_lux                               0x080014b9   Thumb Code    66  lxdgb5a1dphy.o(i.adc_to_lux)
    delay_1ms                                0x08001505   Thumb Code    16  systick.o(i.delay_1ms)
    delay_decrement                          0x08001519   Thumb Code    18  systick.o(i.delay_decrement)
    exti_interrupt_flag_clear                0x08001531   Thumb Code     6  gd32f10x_exti.o(i.exti_interrupt_flag_clear)
    exti_interrupt_flag_get                  0x0800153d   Thumb Code    18  gd32f10x_exti.o(i.exti_interrupt_flag_get)
    fputc                                    0x08001555   Thumb Code    32  main.o(i.fputc)
    gpio_bit_set                             0x08001579   Thumb Code     4  gd32f10x_gpio.o(i.gpio_bit_set)
    gpio_init                                0x0800157d   Thumb Code   172  gd32f10x_gpio.o(i.gpio_init)
    gpio_pin_remap_config                    0x08001629   Thumb Code   138  gd32f10x_gpio.o(i.gpio_pin_remap_config)
    lxdgb5a1dphy_adc_init                    0x080016b9   Thumb Code    98  lxdgb5a1dphy.o(i.lxdgb5a1dphy_adc_init)
    lxdgb5a1dphy_adc_read                    0x08001725   Thumb Code    32  lxdgb5a1dphy.o(i.lxdgb5a1dphy_adc_read)
    lxdgb5a1dphy_run_once                    0x08001749   Thumb Code    56  lxdgb5a1dphy.o(i.lxdgb5a1dphy_run_once)
    main                                     0x080017b5   Thumb Code    48  main.o(i.main)
    nvic_vector_table_set                    0x080017e9   Thumb Code    16  gd32f10x_misc.o(i.nvic_vector_table_set)
    rcu_clock_freq_get                       0x08001801   Thumb Code   264  gd32f10x_rcu.o(i.rcu_clock_freq_get)
    rcu_periph_clock_enable                  0x08001929   Thumb Code    28  gd32f10x_rcu.o(i.rcu_periph_clock_enable)
    rcu_periph_reset_disable                 0x08001949   Thumb Code    28  gd32f10x_rcu.o(i.rcu_periph_reset_disable)
    rcu_periph_reset_enable                  0x08001969   Thumb Code    28  gd32f10x_rcu.o(i.rcu_periph_reset_enable)
    sensor_init                              0x08001989   Thumb Code    14  common.o(i.sensor_init)
    sensor_periph_clk_enable                 0x08001997   Thumb Code   116  common.o(i.sensor_periph_clk_enable)
    sensor_power_enable                      0x08001a0d   Thumb Code    52  common.o(i.sensor_power_enable)
    systick_config                           0x08001b21   Thumb Code    74  systick.o(i.systick_config)
    timer_interrupt_flag_clear               0x08001b71   Thumb Code     6  gd32f10x_timer.o(i.timer_interrupt_flag_clear)
    timer_interrupt_flag_get                 0x08001b77   Thumb Code    24  gd32f10x_timer.o(i.timer_interrupt_flag_get)
    uart_config                              0x08001b91   Thumb Code    92  main.o(i.uart_config)
    usart_baudrate_set                       0x08001bf9   Thumb Code   136  gd32f10x_usart.o(i.usart_baudrate_set)
    usart_data_transmit                      0x08001c89   Thumb Code     8  gd32f10x_usart.o(i.usart_data_transmit)
    usart_deinit                             0x08001c91   Thumb Code   136  gd32f10x_usart.o(i.usart_deinit)
    usart_enable                             0x08001d21   Thumb Code    10  gd32f10x_usart.o(i.usart_enable)
    usart_flag_get                           0x08001d2b   Thumb Code    30  gd32f10x_usart.o(i.usart_flag_get)
    usart_parity_config                      0x08001d49   Thumb Code    16  gd32f10x_usart.o(i.usart_parity_config)
    usart_receive_config                     0x08001d59   Thumb Code    16  gd32f10x_usart.o(i.usart_receive_config)
    usart_stop_bit_set                       0x08001d69   Thumb Code    16  gd32f10x_usart.o(i.usart_stop_bit_set)
    usart_transmit_config                    0x08001d79   Thumb Code    16  gd32f10x_usart.o(i.usart_transmit_config)
    usart_word_length_set                    0x08001d89   Thumb Code    16  gd32f10x_usart.o(i.usart_word_length_set)
    Region$$Table$$Base                      0x08001db0   Number         0  anon$$obj.o(Region$$Table)
    Region$$Table$$Limit                     0x08001dd0   Number         0  anon$$obj.o(Region$$Table)
    SystemCoreClock                          0x20000004   Data           4  system_gd32f10x.o(.data)
    pulse_count                              0x20000008   Data           4  crd1503g.o(.data)
    pulse_value                              0x2000000c   Data           4  crd1503g.o(.data)
    pulse_ready_flag                         0x20000010   Data           1  crd1503g.o(.data)
    __stdout                                 0x20000014   Data           4  stdout.o(.data)
    sensor_data                              0x20000018   Data          88  main.o(.bss)
    __initial_sp                             0x20000470   Data           0  startup_gd32f10x_xd.o(STACK)



==============================================================================

Memory Map of the image

  Image Entry point : 0x08000131

  Load Region LR_IROM1 (Base: 0x08000000, Size: 0x00001de8, Max: 0x00100000, ABSOLUTE)

    Execution Region ER_IROM1 (Exec base: 0x08000000, Load base: 0x08000000, Size: 0x00001dd0, Max: 0x00100000, ABSOLUTE)

    Exec Addr    Load Addr    Size         Type   Attr      Idx    E Section Name        Object

    0x08000000   0x08000000   0x00000130   Data   RO         4610    RESET               startup_gd32f10x_xd.o
    0x08000130   0x08000130   0x00000000   Code   RO         4615  * .ARM.Collect$$$$00000000  mc_w.l(entry.o)
    0x08000130   0x08000130   0x00000004   Code   RO         4911    .ARM.Collect$$$$00000001  mc_w.l(entry2.o)
    0x08000134   0x08000134   0x00000004   Code   RO         4914    .ARM.Collect$$$$00000004  mc_w.l(entry5.o)
    0x08000138   0x08000138   0x00000000   Code   RO         4916    .ARM.Collect$$$$00000008  mc_w.l(entry7b.o)
    0x08000138   0x08000138   0x00000000   Code   RO         4918    .ARM.Collect$$$$0000000A  mc_w.l(entry8b.o)
    0x08000138   0x08000138   0x00000008   Code   RO         4919    .ARM.Collect$$$$0000000B  mc_w.l(entry9a.o)
    0x08000140   0x08000140   0x00000004   Code   RO         4926    .ARM.Collect$$$$0000000E  mc_w.l(entry12b.o)
    0x08000144   0x08000144   0x00000000   Code   RO         4921    .ARM.Collect$$$$0000000F  mc_w.l(entry10a.o)
    0x08000144   0x08000144   0x00000000   Code   RO         4923    .ARM.Collect$$$$00000011  mc_w.l(entry11a.o)
    0x08000144   0x08000144   0x00000004   Code   RO         4912    .ARM.Collect$$$$00002712  mc_w.l(entry2.o)
    0x08000148   0x08000148   0x00000024   Code   RO         4611    .text               startup_gd32f10x_xd.o
    0x0800016c   0x0800016c   0x00000024   Code   RO         4620    .text               mc_w.l(memseta.o)
    0x08000190   0x08000190   0x0000014e   Code   RO         4891    .text               mf_w.l(dadd.o)
    0x080002de   0x080002de   0x000000e4   Code   RO         4893    .text               mf_w.l(dmul.o)
    0x080003c2   0x080003c2   0x000000de   Code   RO         4895    .text               mf_w.l(ddiv.o)
    0x080004a0   0x080004a0   0x00000012   Code   RO         4897    .text               mf_w.l(fflti.o)
    0x080004b2   0x080004b2   0x00000026   Code   RO         4907    .text               mf_w.l(f2d.o)
    0x080004d8   0x080004d8   0x00000038   Code   RO         4909    .text               mf_w.l(d2f.o)
    0x08000510   0x08000510   0x0000002c   Code   RO         4928    .text               mc_w.l(uidiv.o)
    0x0800053c   0x0800053c   0x00000062   Code   RO         4930    .text               mc_w.l(uldiv.o)
    0x0800059e   0x0800059e   0x0000001e   Code   RO         4932    .text               mc_w.l(llshl.o)
    0x080005bc   0x080005bc   0x00000020   Code   RO         4934    .text               mc_w.l(llushr.o)
    0x080005dc   0x080005dc   0x00000024   Code   RO         4936    .text               mc_w.l(llsshr.o)
    0x08000600   0x08000600   0x00000000   Code   RO         4938    .text               mc_w.l(iusefp.o)
    0x08000600   0x08000600   0x0000006e   Code   RO         4939    .text               mf_w.l(fepilogue.o)
    0x0800066e   0x0800066e   0x000000ba   Code   RO         4941    .text               mf_w.l(depilogue.o)
    0x08000728   0x08000728   0x00000030   Code   RO         4943    .text               mf_w.l(dfixul.o)
    0x08000758   0x08000758   0x00000030   Code   RO         4945    .text               mf_w.l(cdrcmple.o)
    0x08000788   0x08000788   0x00000024   Code   RO         4947    .text               mc_w.l(init.o)
    0x080007ac   0x080007ac   0x00000004   Code   RO            3    i.BusFault_Handler  gd32f10x_it.o
    0x080007b0   0x080007b0   0x00000004   Code   RO            4    i.DebugMon_Handler  gd32f10x_it.o
    0x080007b4   0x080007b4   0x00000024   Code   RO         4413    i.EXTI10_15_IRQHandler  crd1503g.o
    0x080007d8   0x080007d8   0x00000004   Code   RO            5    i.HardFault_Handler  gd32f10x_it.o
    0x080007dc   0x080007dc   0x00000004   Code   RO            6    i.MemManage_Handler  gd32f10x_it.o
    0x080007e0   0x080007e0   0x00000004   Code   RO            7    i.NMI_Handler       gd32f10x_it.o
    0x080007e4   0x080007e4   0x00000028   Code   RO          280    i.NVIC_SetPriority  systick.o
    0x0800080c   0x0800080c   0x00000004   Code   RO            8    i.PendSV_Handler    gd32f10x_it.o
    0x08000810   0x08000810   0x00000004   Code   RO            9    i.SVC_Handler       gd32f10x_it.o
    0x08000814   0x08000814   0x00000008   Code   RO           10    i.SysTick_Handler   gd32f10x_it.o
    0x0800081c   0x0800081c   0x00000118   Code   RO         3843    i.SystemInit        system_gd32f10x.o
    0x08000934   0x08000934   0x0000003c   Code   RO         4414    i.TIMER2_IRQHandler  crd1503g.o
    0x08000970   0x08000970   0x00000004   Code   RO           11    i.UsageFault_Handler  gd32f10x_it.o
    0x08000974   0x08000974   0x00000020   Code   RO         4857    i.__0printf         mc_w.l(printfa.o)
    0x08000994   0x08000994   0x0000000e   Code   RO         4951    i.__scatterload_copy  mc_w.l(handlers.o)
    0x080009a2   0x080009a2   0x00000002   Code   RO         4952    i.__scatterload_null  mc_w.l(handlers.o)
    0x080009a4   0x080009a4   0x0000000e   Code   RO         4953    i.__scatterload_zeroinit  mc_w.l(handlers.o)
    0x080009b2   0x080009b2   0x00000002   PAD
    0x080009b4   0x080009b4   0x00000184   Code   RO         4864    i._fp_digits        mc_w.l(printfa.o)
    0x08000b38   0x08000b38   0x000006b4   Code   RO         4865    i._printf_core      mc_w.l(printfa.o)
    0x080011ec   0x080011ec   0x00000024   Code   RO         4866    i._printf_post_padding  mc_w.l(printfa.o)
    0x08001210   0x08001210   0x0000002e   Code   RO         4867    i._printf_pre_padding  mc_w.l(printfa.o)
    0x0800123e   0x0800123e   0x0000001c   Code   RO         3844    i._soft_delay_      system_gd32f10x.o
    0x0800125a   0x0800125a   0x0000002a   Code   RO          323    i.adc_calibration_enable  gd32f10x_adc.o
    0x08001284   0x08001284   0x00000046   Code   RO          324    i.adc_channel_length_config  gd32f10x_adc.o
    0x080012ca   0x080012ca   0x00000016   Code   RO          325    i.adc_data_alignment_config  gd32f10x_adc.o
    0x080012e0   0x080012e0   0x00000058   Code   RO          326    i.adc_deinit        gd32f10x_adc.o
    0x08001338   0x08001338   0x00000012   Code   RO          331    i.adc_enable        gd32f10x_adc.o
    0x0800134a   0x0800134a   0x0000003e   Code   RO          332    i.adc_external_trigger_config  gd32f10x_adc.o
    0x08001388   0x08001388   0x00000030   Code   RO          333    i.adc_external_trigger_source_config  gd32f10x_adc.o
    0x080013b8   0x080013b8   0x0000000e   Code   RO          335    i.adc_flag_get      gd32f10x_adc.o
    0x080013c6   0x080013c6   0x00000002   PAD
    0x080013c8   0x080013c8   0x0000001c   Code   RO          344    i.adc_mode_config   gd32f10x_adc.o
    0x080013e4   0x080013e4   0x000000ac   Code   RO          345    i.adc_regular_channel_config  gd32f10x_adc.o
    0x08001490   0x08001490   0x00000008   Code   RO          346    i.adc_regular_data_read  gd32f10x_adc.o
    0x08001498   0x08001498   0x0000001e   Code   RO          348    i.adc_software_trigger_enable  gd32f10x_adc.o
    0x080014b6   0x080014b6   0x00000002   PAD
    0x080014b8   0x080014b8   0x0000004c   Code   RO         4107    i.adc_to_lux        lxdgb5a1dphy.o
    0x08001504   0x08001504   0x00000014   Code   RO          281    i.delay_1ms         systick.o
    0x08001518   0x08001518   0x00000018   Code   RO          282    i.delay_decrement   systick.o
    0x08001530   0x08001530   0x0000000c   Code   RO         1452    i.exti_interrupt_flag_clear  gd32f10x_exti.o
    0x0800153c   0x0800153c   0x00000018   Code   RO         1453    i.exti_interrupt_flag_get  gd32f10x_exti.o
    0x08001554   0x08001554   0x00000024   Code   RO          179    i.fputc             main.o
    0x08001578   0x08001578   0x00000004   Code   RO         1812    i.gpio_bit_set      gd32f10x_gpio.o
    0x0800157c   0x0800157c   0x000000ac   Code   RO         1819    i.gpio_init         gd32f10x_gpio.o
    0x08001628   0x08001628   0x00000090   Code   RO         1825    i.gpio_pin_remap_config  gd32f10x_gpio.o
    0x080016b8   0x080016b8   0x0000006c   Code   RO         4108    i.lxdgb5a1dphy_adc_init  lxdgb5a1dphy.o
    0x08001724   0x08001724   0x00000024   Code   RO         4109    i.lxdgb5a1dphy_adc_read  lxdgb5a1dphy.o
    0x08001748   0x08001748   0x0000006c   Code   RO         4110    i.lxdgb5a1dphy_run_once  lxdgb5a1dphy.o
    0x080017b4   0x080017b4   0x00000034   Code   RO          180    i.main              main.o
    0x080017e8   0x080017e8   0x00000018   Code   RO         2129    i.nvic_vector_table_set  gd32f10x_misc.o
    0x08001800   0x08001800   0x00000128   Code   RO         2277    i.rcu_clock_freq_get  gd32f10x_rcu.o
    0x08001928   0x08001928   0x00000020   Code   RO         2294    i.rcu_periph_clock_enable  gd32f10x_rcu.o
    0x08001948   0x08001948   0x00000020   Code   RO         2297    i.rcu_periph_reset_disable  gd32f10x_rcu.o
    0x08001968   0x08001968   0x00000020   Code   RO         2298    i.rcu_periph_reset_enable  gd32f10x_rcu.o
    0x08001988   0x08001988   0x0000000e   Code   RO         3942    i.sensor_init       common.o
    0x08001996   0x08001996   0x00000074   Code   RO         3943    i.sensor_periph_clk_enable  common.o
    0x08001a0a   0x08001a0a   0x00000002   PAD
    0x08001a0c   0x08001a0c   0x0000003c   Code   RO         3944    i.sensor_power_enable  common.o
    0x08001a48   0x08001a48   0x000000d0   Code   RO         3846    i.system_clock_100m_hxtal  system_gd32f10x.o
    0x08001b18   0x08001b18   0x00000008   Code   RO         3847    i.system_clock_config  system_gd32f10x.o
    0x08001b20   0x08001b20   0x00000050   Code   RO          283    i.systick_config    systick.o
    0x08001b70   0x08001b70   0x00000006   Code   RO         3141    i.timer_interrupt_flag_clear  gd32f10x_timer.o
    0x08001b76   0x08001b76   0x00000018   Code   RO         3142    i.timer_interrupt_flag_get  gd32f10x_timer.o
    0x08001b8e   0x08001b8e   0x00000002   PAD
    0x08001b90   0x08001b90   0x00000068   Code   RO          182    i.uart_config       main.o
    0x08001bf8   0x08001bf8   0x00000090   Code   RO         3516    i.usart_baudrate_set  gd32f10x_usart.o
    0x08001c88   0x08001c88   0x00000008   Code   RO         3518    i.usart_data_transmit  gd32f10x_usart.o
    0x08001c90   0x08001c90   0x00000090   Code   RO         3519    i.usart_deinit      gd32f10x_usart.o
    0x08001d20   0x08001d20   0x0000000a   Code   RO         3523    i.usart_enable      gd32f10x_usart.o
    0x08001d2a   0x08001d2a   0x0000001e   Code   RO         3525    i.usart_flag_get    gd32f10x_usart.o
    0x08001d48   0x08001d48   0x00000010   Code   RO         3544    i.usart_parity_config  gd32f10x_usart.o
    0x08001d58   0x08001d58   0x00000010   Code   RO         3546    i.usart_receive_config  gd32f10x_usart.o
    0x08001d68   0x08001d68   0x00000010   Code   RO         3552    i.usart_stop_bit_set  gd32f10x_usart.o
    0x08001d78   0x08001d78   0x00000010   Code   RO         3556    i.usart_transmit_config  gd32f10x_usart.o
    0x08001d88   0x08001d88   0x00000010   Code   RO         3557    i.usart_word_length_set  gd32f10x_usart.o
    0x08001d98   0x08001d98   0x00000016   Data   RO         4111    .constdata          lxdgb5a1dphy.o
    0x08001dae   0x08001dae   0x00000002   PAD
    0x08001db0   0x08001db0   0x00000020   Data   RO         4949    Region$$Table       anon$$obj.o


    Execution Region RW_IRAM1 (Exec base: 0x20000000, Load base: 0x08001dd0, Size: 0x00000470, Max: 0x00018000, ABSOLUTE)

    Exec Addr    Load Addr    Size         Type   Attr      Idx    E Section Name        Object

    0x20000000   0x08001dd0   0x00000004   Data   RW          284    .data               systick.o
    0x20000004   0x08001dd4   0x00000004   Data   RW         3848    .data               system_gd32f10x.o
    0x20000008   0x08001dd8   0x00000009   Data   RW         4417    .data               crd1503g.o
    0x20000011   0x08001de1   0x00000003   PAD
    0x20000014   0x08001de4   0x00000004   Data   RW         4927    .data               mc_w.l(stdout.o)
    0x20000018        -       0x00000058   Zero   RW          183    .bss                main.o
    0x20000070        -       0x00000400   Zero   RW         4608    STACK               startup_gd32f10x_xd.o


==============================================================================

Image component sizes


      Code (inc. data)   RO Data    RW Data    ZI Data      Debug   Object Name

       190          8          0          0          0       1395   common.o
        96         22          0          9          0       1694   crd1503g.o
       602         10          0          0          0       7522   gd32f10x_adc.o
        36         12          0          0          0       1150   gd32f10x_exti.o
       320          6          0          0          0       2271   gd32f10x_gpio.o
        40          0          0          0          0      36054   gd32f10x_it.o
        24          8          0          0          0        584   gd32f10x_misc.o
       392         44          0          0          0       2792   gd32f10x_rcu.o
        30          0          0          0          0       1288   gd32f10x_timer.o
       416         16          0          0          0       6084   gd32f10x_usart.o
       328         76         22          0          0       2213   lxdgb5a1dphy.o
       192         20          0          0         88       4483   main.o
        36          8        304          0       1024        772   startup_gd32f10x_xd.o
       524         26          0          4          0       3391   system_gd32f10x.o
       164         24          0          4          0      24234   systick.o

    ----------------------------------------------------------------------
      3398        280        360         20       1112      95927   Object Totals
         0          0         32          0          0          0   (incl. Generated)
         8          0          2          3          0          0   (incl. Padding)

    ----------------------------------------------------------------------

      Code (inc. data)   RO Data    RW Data    ZI Data      Debug   Library Member Name

         0          0          0          0          0          0   entry.o
         0          0          0          0          0          0   entry10a.o
         0          0          0          0          0          0   entry11a.o
         4          0          0          0          0          0   entry12b.o
         8          4          0          0          0          0   entry2.o
         4          0          0          0          0          0   entry5.o
         0          0          0          0          0          0   entry7b.o
         0          0          0          0          0          0   entry8b.o
         8          4          0          0          0          0   entry9a.o
        30          0          0          0          0          0   handlers.o
        36          8          0          0          0         68   init.o
         0          0          0          0          0          0   iusefp.o
        30          0          0          0          0         68   llshl.o
        36          0          0          0          0         68   llsshr.o
        32          0          0          0          0         68   llushr.o
        36          0          0          0          0        108   memseta.o
      2218         90          0          0          0        464   printfa.o
         0          0          0          4          0          0   stdout.o
        44          0          0          0          0         80   uidiv.o
        98          0          0          0          0         92   uldiv.o
        48          0          0          0          0         68   cdrcmple.o
        56          0          0          0          0         88   d2f.o
       334          0          0          0          0        148   dadd.o
       222          0          0          0          0        100   ddiv.o
       186          0          0          0          0        176   depilogue.o
        48          0          0          0          0         68   dfixul.o
       228          0          0          0          0         96   dmul.o
        38          0          0          0          0         68   f2d.o
       110          0          0          0          0        168   fepilogue.o
        18          0          0          0          0         68   fflti.o

    ----------------------------------------------------------------------
      3874        106          0          4          0       2064   Library Totals
         2          0          0          0          0          0   (incl. Padding)

    ----------------------------------------------------------------------

      Code (inc. data)   RO Data    RW Data    ZI Data      Debug   Library Name

      2584        106          0          4          0       1016   mc_w.l
      1288          0          0          0          0       1048   mf_w.l

    ----------------------------------------------------------------------
      3874        106          0          4          0       2064   Library Totals

    ----------------------------------------------------------------------

==============================================================================


      Code (inc. data)   RO Data    RW Data    ZI Data      Debug   

      7272        386        360         24       1112      94035   Grand Totals
      7272        386        360         24       1112      94035   ELF Image Totals
      7272        386        360         24          0          0   ROM Totals

==============================================================================

    Total RO  Size (Code + RO Data)                 7632 (   7.45kB)
    Total RW  Size (RW Data + ZI Data)              1136 (   1.11kB)
    Total ROM Size (Code + RO Data + RW Data)       7656 (   7.48kB)

==============================================================================

